
PROGRAM "Z:\vph1\FrameWork\bin\pedebug.abs"

*********************************************************************************************
TARGET SECTION
---------------------------------------------------------------------------------------------
Processor   : Motorola HC08
Memory Model: SMALL
File Format : ELF\Dwarf 2.0
Linker      : SmartLinker V-5.0.19, Apr  2 2002

*********************************************************************************************
FILE SECTION
---------------------------------------------------------------------------------------------
cpu.c.o                                 Model: SMALL,         Lang: ANSI-C
io_map.c.o                              Model: SMALL,         Lang: ANSI-C
events.c.o                              Model: SMALL,         Lang: ANSI-C
vectors.c.o                             Model: SMALL,         Lang: ANSI-C
start08.c.o                             Model: SMALL,         Lang: ANSI-C
terminal.c.o                            Model: SMALL,         Lang: ANSI-C
irq.c.o                                 Model: SMALL,         Lang: ANSI-C
timer.c.o                               Model: SMALL,         Lang: ANSI-C
delay.c.o                               Model: SMALL,         Lang: ANSI-C
NEW.CPP.o (cpp.lib)                     Model: SMALL,         Lang: C++
vph1.c.o                                Model: SMALL,         Lang: ANSI-C
main.cpp.o                              Model: SMALL,         Lang: C++
CTYPE.C.o (ansi.lib)                    Model: SMALL,         Lang: ANSI-C
EMBEDDED.C.o (ansi.lib)                 Model: SMALL,         Lang: ANSI-C
HEAP.C.o (ansi.lib)                     Model: SMALL,         Lang: ANSI-C
MATH08D.C.o (ansi.lib)                  Model: SMALL,         Lang: ANSI-C
PRINTF.C.o (ansi.lib)                   Model: SMALL,         Lang: ANSI-C
RTSHC08.C.o (ansi.lib)                  Model: SMALL,         Lang: ANSI-C
STDLIB.C.o (ansi.lib)                   Model: SMALL,         Lang: ANSI-C
ALLOC.C.o (ansi.lib)                    Model: SMALL,         Lang: ANSI-C
fx828.cpp.o                             Model: SMALL,         Lang: C++
buffer.cpp.o                            Model: SMALL,         Lang: C++

*********************************************************************************************
STARTUP SECTION
---------------------------------------------------------------------------------------------
Entry point : 0x8093 (_Startup)
_startupData is allocated at 0x80B7 and uses 9 Bytes
extern struct _tagStartup {
  unsigned flags          0
  _PFunc   main           0x81BB    (main)
  unsigned nofZeroOut     2
  _Range   pZeroOut       0x60     35
                          0x1DC     100
  _Copy    *toCopyDownBeg 0xAFEC
} _startupData;

*********************************************************************************************
SECTION-ALLOCATION SECTION
Section Name                    Size  Type     From       To       Segment
---------------------------------------------------------------------------------------------
.text                          11591     R     0x80CC     0xAE12   ROM
.rodata                          434     R     0xAE13     0xAFC4   ROM
.rodata1                          39     R     0xAFC5     0xAFEB   ROM
HEAP_SEGMENT                     100   R/W      0x1DC      0x23F   HEAP
.abs_section_3e                    1   N/I       0x3E       0x3E   .absSeg0
.abs_section_3d                    1   N/I       0x3D       0x3D   .absSeg1
.abs_section_3c                    1   N/I       0x3C       0x3C   .absSeg2
.abs_section_fe09                  1   N/I     0xFE09     0xFE09   .absSeg3
.abs_section_fe0d                  1   N/I     0xFE0D     0xFE0D   .absSeg4
.abs_section_fe0b                  1   N/I     0xFE0B     0xFE0B   .absSeg5
.abs_section_1f                    1   N/I       0x1F       0x1F   .absSeg6
.abs_section_1e                    1   N/I       0x1E       0x1E   .absSeg7
.abs_section_1000ffff              1   N/I 0x1000FFFF 0x1000FFFF   .absSeg8
.abs_section_4                     1   N/I        0x4        0x4   .absSeg9
.abs_section_5                     1   N/I        0x5        0x5   .absSeg10
.abs_section_6                     1   N/I        0x6        0x6   .absSeg11
.abs_section_7                     1   N/I        0x7        0x7   .absSeg12
.abs_section_c                     1   N/I        0xC        0xC   .absSeg13
.abs_section_ff7e                  1   N/I     0xFF7E     0xFF7E   .absSeg14
.abs_section_fe08                  1   N/I     0xFE08     0xFE08   .absSeg15
.abs_section_fe04                  1   N/I     0xFE04     0xFE04   .absSeg16
.abs_section_fe05                  1   N/I     0xFE05     0xFE05   .absSeg17
.abs_section_fe06                  1   N/I     0xFE06     0xFE06   .absSeg18
.abs_section_1b                    1   N/I       0x1B       0x1B   .absSeg19
.abs_section_1a                    1   N/I       0x1A       0x1A   .absSeg20
.abs_section_1d                    1   N/I       0x1D       0x1D   .absSeg21
.abs_section_fe0c                  2   N/I     0xFE0C     0xFE0D   .absSeg73
.abs_section_37                    1   N/I       0x37       0x37   .absSeg23
.abs_section_36                    1   N/I       0x36       0x36   .absSeg24
.abs_section_3b                    1   N/I       0x3B       0x3B   .absSeg25
.abs_section_3a                    1   N/I       0x3A       0x3A   .absSeg26
.abs_section_38                    2   N/I       0x38       0x39   .absSeg74
.abs_section_39                    1   N/I       0x39       0x39   .absSeg28
.abs_section_0                     1   N/I        0x0        0x0   .absSeg29
.abs_section_d                     1   N/I        0xD        0xD   .absSeg30
.abs_section_1                     1   N/I        0x1        0x1   .absSeg31
.abs_section_2                     1   N/I        0x2        0x2   .absSeg32
.abs_section_e                     1   N/I        0xE        0xE   .absSeg33
.abs_section_3                     1   N/I        0x3        0x3   .absSeg34
.abs_section_f                     1   N/I        0xF        0xF   .absSeg35
.abs_section_8                     1   N/I        0x8        0x8   .absSeg36
.abs_section_fe03                  1   N/I     0xFE03     0xFE03   .absSeg37
.abs_section_fe00                  1   N/I     0xFE00     0xFE00   .absSeg38
.abs_section_19                    1   N/I       0x19       0x19   .absSeg39
.abs_section_13                    1   N/I       0x13       0x13   .absSeg40
.abs_section_14                    1   N/I       0x14       0x14   .absSeg41
.abs_section_15                    1   N/I       0x15       0x15   .absSeg42
.abs_section_18                    1   N/I       0x18       0x18   .absSeg43
.abs_section_16                    1   N/I       0x16       0x16   .absSeg44
.abs_section_17                    1   N/I       0x17       0x17   .absSeg45
.abs_section_10                    1   N/I       0x10       0x10   .absSeg46
.abs_section_12                    1   N/I       0x12       0x12   .absSeg47
.abs_section_11                    1   N/I       0x11       0x11   .absSeg48
.abs_section_fe01                  1   N/I     0xFE01     0xFE01   .absSeg49
.abs_section_21                    2   N/I       0x21       0x22   .absSeg75
.abs_section_22                    1   N/I       0x22       0x22   .absSeg51
.abs_section_26                    2   N/I       0x26       0x27   .absSeg76
.abs_section_27                    1   N/I       0x27       0x27   .absSeg53
.abs_section_29                    2   N/I       0x29       0x2A   .absSeg77
.abs_section_2a                    1   N/I       0x2A       0x2A   .absSeg55
.abs_section_23                    2   N/I       0x23       0x24   .absSeg78
.abs_section_24                    1   N/I       0x24       0x24   .absSeg57
.abs_section_20                    1   N/I       0x20       0x20   .absSeg58
.abs_section_25                    1   N/I       0x25       0x25   .absSeg59
.abs_section_28                    1   N/I       0x28       0x28   .absSeg60
.abs_section_2c                    2   N/I       0x2C       0x2D   .absSeg79
.abs_section_2d                    1   N/I       0x2D       0x2D   .absSeg62
.abs_section_31                    2   N/I       0x31       0x32   .absSeg80
.abs_section_32                    1   N/I       0x32       0x32   .absSeg64
.abs_section_34                    2   N/I       0x34       0x35   .absSeg81
.abs_section_35                    1   N/I       0x35       0x35   .absSeg66
.abs_section_2e                    2   N/I       0x2E       0x2F   .absSeg82
.abs_section_2f                    1   N/I       0x2F       0x2F   .absSeg68
.abs_section_2b                    1   N/I       0x2B       0x2B   .absSeg69
.abs_section_30                    1   N/I       0x30       0x30   .absSeg70
.abs_section_33                    1   N/I       0x33       0x33   .absSeg71
.abs_section_1c                    1   N/I       0x1C       0x1C   .absSeg72
.abs_section_ffdc                 36     R     0xFFDC     0xFFFF   .absSeg83
.bss                              23   R/W       0x60       0x76   RAM
.startData                        21     R     0x80B7     0x80CB   ROM
.init                            176     R     0x8007     0x80B6   ROM
.fini                              7     R     0x8000     0x8006   ROM
.common                           12   R/W       0x77       0x82   RAM
.stack                           256   R/W       0x83      0x182   RAM
.copy                              2     R     0xAFEC     0xAFED   ROM


ROM size:     3012 (dec:    12306)
RAM size:      1DA (dec:      474)

*********************************************************************************************
VECTOR-ALLOCATION SECTION
    Address     InitValue   InitFunction
---------------------------------------------------------------------------------------------

*********************************************************************************************
OBJECT-ALLOCATION SECTION
     Name               Module                 Addr   hSize   dSize     Ref    Section     RLIB
---------------------------------------------------------------------------------------------
MODULE:                 -- cpu.c.o --
- PROCEDURES:
     Cpu_Interrupt                             80CC       1       1      14   .text       
     Cpu_SWIInterrupt                          80CD       6       6       1   .text       
     __low_level_init                          80D3      48      72       1   .text       
- VARIABLES:
MODULE:                 -- io_map.c.o --
- PROCEDURES:
- VARIABLES:
     _ADCLK                                      3E       1       1       0   .abs_section_3e
     _ADR                                        3D       1       1       0   .abs_section_3d
     _ADSCR                                      3C       1       1       0   .abs_section_3c
     _BRKH                                     FE09       1       1       0   .abs_section_fe09
     _BRKL                                     FE0D       1       1       0   .abs_section_fe0d
     _BRKSCR                                   FE0B       1       1       0   .abs_section_fe0b
     _CONFIG1                                    1F       1       1       1   .abs_section_1f
     _CONFIG2                                    1E       1       1       1   .abs_section_1e
     _COPCTL                               1000FFFF       1       1       0   .abs_section_1000ffff
     _DDRA                                        4       1       1       2   .abs_section_4
     _DDRB                                        5       1       1       0   .abs_section_5
     _DDRC                                        6       1       1       1   .abs_section_6
     _DDRD                                        7       1       1       4   .abs_section_7
     _DDRE                                        C       1       1       1   .abs_section_c
     _FLBPR                                    FF7E       1       1       0   .abs_section_ff7e
     _FLCR1                                    FE08       1       1       0   .abs_section_fe08
     _INT1                                     FE04       1       1       0   .abs_section_fe04
     _INT2                                     FE05       1       1       0   .abs_section_fe05
     _INT3                                     FE06       1       1       0   .abs_section_fe06
     _INTKBIER                                   1B       1       1       0   .abs_section_1b
     _INTKBSCR                                   1A       1       1       0   .abs_section_1a
     _INTSCR                                     1D       1       1       4   .abs_section_1d
     _LVISR                                    FE0C       1       1       0   .abs_section_fe0c
     _PBWC                                       37       1       1       2   .abs_section_37
     _PCTL                                       36       1       1       7   .abs_section_36
     _PMDS                                       3B       1       1       0   .abs_section_3b
     _PMRS                                       3A       1       1       1   .abs_section_3a
     _PMSH                                       38       1       1       0   .abs_section_38
     _PMSL                                       39       1       1       0   .abs_section_39
     _PTA                                         0       1       1       0   .abs_section_0
     _PTAPUE                                      D       1       1       2   .abs_section_d
     _PTB                                         1       1       1       0   .abs_section_1
     _PTC                                         2       1       1      10   .abs_section_2
     _PTCPUE                                      E       1       1       0   .abs_section_e
     _PTD                                         3       1       1       5   .abs_section_3
     _PTDPUE                                      F       1       1       0   .abs_section_f
     _PTE                                         8       1       1       1   .abs_section_8
     _SBFCR                                    FE03       1       1       0   .abs_section_fe03
     _SBSR                                     FE00       1       1       0   .abs_section_fe00
     _SCBR                                       19       1       1       4   .abs_section_19
     _SCC1                                       13       1       1       2   .abs_section_13
     _SCC2                                       14       1       1       2   .abs_section_14
     _SCC3                                       15       1       1       1   .abs_section_15
     _SCDR                                       18       1       1       1   .abs_section_18
     _SCS1                                       16       1       1       1   .abs_section_16
     _SCS2                                       17       1       1       0   .abs_section_17
     _SPCR                                       10       1       1       0   .abs_section_10
     _SPDR                                       12       1       1       0   .abs_section_12
     _SPSCR                                      11       1       1       0   .abs_section_11
     _SRSR                                     FE01       1       1       0   .abs_section_fe01
     _T1CNTH                                     21       1       1       0   .abs_section_21
     _T1CNTL                                     22       1       1       0   .abs_section_22
     _T1CH0H                                     26       1       1       0   .abs_section_26
     _T1CH0L                                     27       1       1       0   .abs_section_27
     _T1CH1H                                     29       1       1       0   .abs_section_29
     _T1CH1L                                     2A       1       1       0   .abs_section_2a
     _T1MODH                                     23       1       1       0   .abs_section_23
     _T1MODL                                     24       1       1       0   .abs_section_24
     _T1SC                                       20       1       1       0   .abs_section_20
     _T1SC0                                      25       1       1       0   .abs_section_25
     _T1SC1                                      28       1       1       0   .abs_section_28
     _T2CNTH                                     2C       1       1       0   .abs_section_2c
     _T2CNTL                                     2D       1       1       0   .abs_section_2d
     _T2CH0H                                     31       1       1       1   .abs_section_31
     _T2CH0L                                     32       1       1       1   .abs_section_32
     _T2CH1H                                     34       1       1       0   .abs_section_34
     _T2CH1L                                     35       1       1       0   .abs_section_35
     _T2MODH                                     2E       1       1       1   .abs_section_2e
     _T2MODL                                     2F       1       1       1   .abs_section_2f
     _T2SC                                       2B       1       1       5   .abs_section_2b
     _T2SC0                                      30       1       1       2   .abs_section_30
     _T2SC1                                      33       1       1       0   .abs_section_33
     _TBCR                                       1C       1       1       0   .abs_section_1c
     _BRK                                      FE0C       2       2       0   .abs_section_fe0c
     _PMS                                        38       2       2       1   .abs_section_38
     _T1CNT                                      21       2       2       0   .abs_section_21
     _T1CH0                                      26       2       2       0   .abs_section_26
     _T1CH1                                      29       2       2       0   .abs_section_29
     _T1MOD                                      23       2       2       0   .abs_section_23
     _T2CNT                                      2C       2       2       0   .abs_section_2c
     _T2CH0                                      31       2       2       0   .abs_section_31
     _T2CH1                                      34       2       2       0   .abs_section_34
     _T2MOD                                      2E       2       2       0   .abs_section_2e
MODULE:                 -- events.c.o --
- PROCEDURES:
     Cpu_OnSwINT                               811B       1       1       1   .text       
     IRQ_OnInterrupt                           811C       3       3       1   .text       
     TIMER_OnInterrupt                         811F       6       6       1   .text       
- VARIABLES:
MODULE:                 -- vectors.c.o --
- PROCEDURES:
- VARIABLES:
     _vect                                     FFDC      24      36       0   .abs_section_ffdc
MODULE:                 -- start08.c.o --
- PROCEDURES:
     loadByte                                  8007      17      23       5   .init       
     Init                                      801E      75     117       1   .init       
     _Startup                                  8093      1D      29       1   .init       
- VARIABLES:
     _startupData                              80B7       9       9       9   .startData  
- LABELS:
     __SEG_END_SSTACK                           183       0       0       1               
MODULE:                 -- terminal.c.o --
- PROCEDURES:
     Terminal_HWEnDi                           8125       7       7       1   .text       
     Terminal_SendChar                         812C       A      10       1   .text       
     Terminal_Init                             8136      1B      27       1   .text       
- VARIABLES:
     SerFlag                                     60       2       2       2   .bss        
MODULE:                 -- irq.c.o --
- PROCEDURES:
     IRQ_Interrupt                             8151       6       6       1   .text       
- VARIABLES:
MODULE:                 -- timer.c.o --
- PROCEDURES:
     SetCV                                     8157       9       9       1   .text       
     SetPV                                     8160      11      17       1   .text       
     TIMER_Init                                8171      12      18       1   .text       
     TIMER_Interrupt                           8183       8       8       1   .text       
- VARIABLES:
MODULE:                 -- delay.c.o --
- PROCEDURES:
- VARIABLES:
     even_timer                                  62       1       1       1   .bss        
MODULE:                 -- NEW.CPP.o (cpp.lib) --
- PROCEDURES:
     __nw__FGUi                                818B      2D      45       2   .text       
     __dl__FGPv                                81B8       3       3       2   .text       
- VARIABLES:
MODULE:                 -- vph1.c.o --
- PROCEDURES:
     main                                      81BB       3       3       0   .text       
- VARIABLES:
MODULE:                 -- main.cpp.o --
- PROCEDURES:
     PutString__FPUc                           81BE      2F      47       3   .text       
     maincpp                                   81ED      85     133       1   .text       
     MainIRQ                                   8272      5E      94       1   .text       
     __ConstructorInit__                       80B0       7       7       0   .init       
     __DestructorInit__                        8000       7       7       0   .fini       
- VARIABLES:
     RxCTCSSTable                              AE13      5E      94       2   .rodata     
     STRING.12345.2                            AFC5       6       6       2   .rodata1    
     STRING..d..4                              AFCB       4       4       1   .rodata1    
     STRING...CTCSS.ON....5                    AFCF       E      14       2   .rodata1    
     STRING...CTCSS.OFF....6                   AFDD       F      15       2   .rodata1    
     flag.3                                      63       1       1       3   .bss        
     FX828                                       77       4       4      19   .common     
MODULE:                 -- CTYPE.C.o (ansi.lib) --
- PROCEDURES:
     isdigit                                   82D0       D      13       1   .text       
     isspace                                   82DD      15      21       2   .text       
     toupper                                   82F2      22      34       3   .text       
- VARIABLES:
MODULE:                 -- EMBEDDED.C.o (ansi.lib) --
- PROCEDURES:
     exit                                      8314       4       4       1   .text       
- VARIABLES:
MODULE:                 -- HEAP.C.o (ansi.lib) --
- PROCEDURES:
     _heapcrash_                               8318      19      25       4   .text       
- VARIABLES:
     _heap_                                     1DC      64     100       4   HEAP_SEGMENT
MODULE:                 -- MATH08D.C.o (ansi.lib) --
- PROCEDURES:
     frexp                                     8331      64     100       1   .text       
- VARIABLES:
MODULE:                 -- PRINTF.C.o (ansi.lib) --
- PROCEDURES:
     Ten                                       8395     143     323      11   .text       
     vprintf                                   84D8     D71    3441     135   .text       
     _out                                      9249      12      18      16   .text       
     deposit_char                              925B      15      21       2   .text       
     sprintf                                   9270      52      82       1   .text       
- VARIABLES:
     pow10                                     AE71      28      40       4   .rodata     
     pow16                                     AE99      20      32       4   .rodata     
     pow8                                      AEB9      2C      44       4   .rodata     
     fpow10                                    AEE5      60      96       2   .rodata     
     fpow_10                                   AF45      60      96       2   .rodata     
     pbuf                                        7B       6       6      21   .common     
MODULE:                 -- RTSHC08.C.o (ansi.lib) --
- PROCEDURES:
     _PUSH_ARGS_L                              92C2      2D      45       3   .text       
     _PUSH_ARGS_D                              92EF      3D      61       2   .text       
     _ENTER_UNARY_L                            932C      2D      45       1   .text       
     _ENTER_UNARY_L64                          9359      41      65       2   .text       
     _ENTER_UNARY_L64_4                        939A      2D      45       1   .text       
     _ENTER_BINARY_L                           93C7      1E      30       5   .text       
     _ENTER_BINARY_L_RC                        93E5      21      33       2   .text       
     _ENTER_BINARY_L_LC                        9406      23      35       2   .text       
     _ENTER_BINARY_L64                         9429      1F      31       3   .text       
     _ENTER_BINARY_L64_RC                      9448      1B      27       3   .text       
     _IDIVMOD                                  9463      69     105       2   .text       
     _SPLITSIGN                                94CC      1C      28       2   .text       
     _LADD_k_is_k_plus_j                       94E8      1F      31       1   .text       
     _k_is_k_plus_j_l                          9507      1E      30       2   .text       
     _k_is_k_plus_j_i                          9525      12      18       3   .text       
     _LSUB_k_is_k_minus_j                      9537      1F      31       2   .text       
     _LMUL_k_is_k_mul_j                        9556      81     129       1   .text       
     _LDIVMOD                                  95D7      CA     202       4   .text       
     _NEG_L_HX                                 96A1      13      19       3   .text       
     _ABS_L_HX                                 96B4       6       6       2   .text       
     _SPLITSIGN_L                              96BA       A      10       1   .text       
     _LMODU_k_is_k_mod_j                       96C4       B      11       1   .text       
     _LDIVU_k_is_k_div_j                       96CF      1C      28       2   .text       
     _LDIVS_k_is_k_div_j                       96EB      2C      44       1   .text       
     _LCMP_k_rel_j                             9717      28      40       1   .text       
     _IMUL                                     973F      2A      42       7   .text       
     _IDIVS                                    9769      1E      30       4   .text       
     _IDIVU                                    9787      10      16       1   .text       
     _IMODS                                    9797      2A      42       2   .text       
     _ICMP                                     97C1      16      22       1   .text       
     _LNEG                                     97D7      1C      28       2   .text       
     _LADD                                     97F3       6       6       1   .text       
     _LSUB                                     97F9       6       6       3   .text       
     _LSUB_LC                                  97FF       6       6       1   .text       
     _LMUL                                     9805       6       6       1   .text       
     _LDIVS_LC                                 980B       6       6       1   .text       
     _LDIVU                                    9811       6       6       1   .text       
     _LDIVU_RC                                 9817       6       6       1   .text       
     _LMODU_RC                                 981D       6       6       1   .text       
     _LCMP                                     9823       6       6       8   .text       
     _COPY                                     9829      30      48      13   .text       
     _POP32                                    9859      1A      26      14   .text       
     _POP64                                    9873      2E      46      11   .text       
     _SEXT16_32                                98A1       D      13       6   .text       
     _Jump_Table_Addr                          98AE      16      22       2   .text       
     _Search_Table_8_Addr                      98C4      1E      30       1   .text       
     _Search_Table_8_Offset                    98E2      22      34       1   .text       
     D_TLK                                     9904      20      32       2   .text       
     D_TKRes                                   9924      12      18       1   .text       
     D_XGKL                                    9936      35      53       1   .text       
     D_CLRK                                    996B       6       6       2   .text       
     D_CLRK_Unary                              9971       6       6       1   .text       
     D_MAXK                                    9977       6       6       1   .text       
     _DUNPACK_k_to_K                           997D      87     135       3   .text       
     _DUNPACK_k_to_K_Unary                     9A04      87     135       1   .text       
     _DUNPACK_j_to_L                           9A8B      87     135       3   .text       
     _DPACK_K_to_k                             9B12      77     119       3   .text       
     _DPACK_K_to_k_Unary                       9B89      73     115       1   .text       
     D_NORMK                                   9BFC      6C     108       3   .text       
     _DADD_K_is_K_plus_L                       9C68      D6     214       2   .text       
     _DMUL_K_is_K_times_L                      9D3E      9A     154       1   .text       
     _DCMP_k_rel_j                             9DD8      2C      44       1   .text       
     _D_FLOATK                                 9E04      49      73       1   .text       
     _D_LONGK                                  9E4D      61      97       1   .text       
     _DADD_Common                              9EAE       C      12       2   .text       
     _DSUB_Common                              9EBA      25      37       1   .text       
     _DMUL_Common                              9EDF       C      12       2   .text       
     _DADD                                     9EEB       7       7       2   .text       
     _DADD_RC                                  9EF2       7       7       1   .text       
     _DSUB                                     9EF9       7       7       2   .text       
     _DMUL                                     9F00       7       7       7   .text       
     _DMUL_RC                                  9F07       7       7       6   .text       
     _DCMP_RC                                  9F0E       6       6       2   .text       
     _DNEG                                     9F14      20      32       1   .text       
     _DUFLOAT                                  9F34       B      11       2   .text       
     _DSTRUNC                                  9F3F       B      11       6   .text       
- VARIABLES:
     errno                                       81       2       2       4   .common     
MODULE:                 -- STDLIB.C.o (ansi.lib) --
- PROCEDURES:
     CheckCharWithBase                         9F4A      5F      95       2   .text       
     _strtoul                                  9FA9     21C     540      20   .text       
     _strtol                                   A1C5     16B     363       7   .text       
     strtol                                    A330      2F      47       1   .text       
     abs                                       A35F      1A      26       1   .text       
- VARIABLES:
MODULE:                 -- ALLOC.C.o (ansi.lib) --
- PROCEDURES:
     malloc                                    A379     1BF     447       9   .text       
     free                                      A538     22F     559       6   .text       
- VARIABLES:
     heap_end                                    64       2       2       6   .bss        
     free_ptr                                    66       2       2      16   .bss        
MODULE:                 -- fx828.cpp.o --
- PROCEDURES:
     __ct__6CFX828Fv                           A767       3       3       1   .text       
     __dt__6CFX828Fv                           A76A      31      49       1   .text       
     PutToneTable__6CFX828FUci                 A79B      2F      47       1   .text       
     SetDecoderBandwidth__6CFX828FUc           A7CA      1E      30       1   .text       
     EnableCTCSSDecoder__6CFX828FUcT1          A7E8      61      97       1   .text       
     CTCSS_Detected__6CFX828Fv                 A849       C      12       1   .text       
     EnableToneDecoder__6CFX828FUcT1           A855      77     119       1   .text       
     Init__6CFX828Fv                           A8CC      C5     197       3   .text       
     CTCSS_tx_enable__6CFX828FUc               A991      25      37       1   .text       
     TxCTCSS__6CFX828Fi                        A9B6      4D      77       1   .text       
     TxZVEI__6CFX828FUc                        AA03      70     112       1   .text       
     TxZVEI__6CFX828FPCUc                      AA73      96     150       1   .text       
     GetTone__6CFX828Fv                        AB09      23      35       1   .text       
     IRQService__6CFX828Fv                     AB2C      D8     216       1   .text       
     SendChar__6CFX828FUc                      AC04      40      64       7   .text       
     SendCommand16__6CFX828FUcUi               AC44      3E      62       3   .text       
     SendCommand8__6CFX828FUcUc                AC82      33      51      14   .text       
     ReadCommand__6CFX828FUc                   ACB5      2D      45       3   .text       
     ReadChar__6CFX828Fv                       ACE2      37      55       1   .text       
     DataOut_PutVal__6CFX828FUc                AD19       D      13       1   .text       
     Clock_PutVal__6CFX828FUc                  AD26       D      13      10   .text       
- VARIABLES:
     ZVEI                                      AFA5      20      32       2   .rodata     
     tone.2                                      68       1       1       3   .bss        
     signalling_setup                            69       1       1      11   .bss        
     signalling_control                          6A       1       1      20   .bss        
     irq_mask                                    6B       1       1       7   .bss        
     selcall_subaudio_status                     6C       1       1       4   .bss        
     general_control                             6D       1       1       2   .bss        
     ctcss_tx_fast_rx_freq                       6E       2       2       9   .bss        
     rx_tone_program                             70       2       2       2   .bss        
     audio_control                               72       2       2       2   .bss        
     selcall_tx                                  74       2       2       2   .bss        
     irq_flag                                    76       1       1       3   .bss        
MODULE:                 -- buffer.cpp.o --
- PROCEDURES:
     __ct__7CBufferFi                          AD33      13      19       1   .text       
     __dt__7CBufferFv                          AD46       9       9       1   .text       
     Init__7CBufferFi                          AD4F      21      33       1   .text       
     kbhit__7CBufferFv                         AD70      14      20       3   .text       
     GetLen__7CBufferFv                        AD84      11      17       2   .text       
     put__7CBufferFUc                          AD95      4C      76       2   .text       
     get__7CBufferFv                           ADE1      32      50       2   .text       
- VARIABLES:

*********************************************************************************************
SECTION USE IN OBJECT-ALLOCATION SECTION
---------------------------------------------------------------------------------------------
SECTION: ".text"
  Cpu_Interrupt Cpu_SWIInterrupt __low_level_init Cpu_OnSwINT IRQ_OnInterrupt 
  TIMER_OnInterrupt Terminal_HWEnDi Terminal_SendChar Terminal_Init 
  IRQ_Interrupt SetCV SetPV TIMER_Init TIMER_Interrupt __nw__FGUi __dl__FGPv 
  main PutString__FPUc maincpp MainIRQ isdigit isspace toupper exit _heapcrash_ 
  frexp Ten vprintf _out deposit_char sprintf _PUSH_ARGS_L _PUSH_ARGS_D 
  _ENTER_UNARY_L _ENTER_UNARY_L64 _ENTER_UNARY_L64_4 _ENTER_BINARY_L 
  _ENTER_BINARY_L_RC _ENTER_BINARY_L_LC _ENTER_BINARY_L64 _ENTER_BINARY_L64_RC 
  _IDIVMOD _SPLITSIGN _LADD_k_is_k_plus_j _k_is_k_plus_j_l _k_is_k_plus_j_i 
  _LSUB_k_is_k_minus_j _LMUL_k_is_k_mul_j _LDIVMOD _NEG_L_HX _ABS_L_HX 
  _SPLITSIGN_L _LMODU_k_is_k_mod_j _LDIVU_k_is_k_div_j _LDIVS_k_is_k_div_j 
  _LCMP_k_rel_j _IMUL _IDIVS _IDIVU _IMODS _ICMP _LNEG _LADD _LSUB _LSUB_LC 
  _LMUL _LDIVS_LC _LDIVU _LDIVU_RC _LMODU_RC _LCMP _COPY _POP32 _POP64 
  _SEXT16_32 _Jump_Table_Addr _Search_Table_8_Addr _Search_Table_8_Offset D_TLK 
  D_TKRes D_XGKL D_CLRK D_CLRK_Unary D_MAXK _DUNPACK_k_to_K 
  _DUNPACK_k_to_K_Unary _DUNPACK_j_to_L _DPACK_K_to_k _DPACK_K_to_k_Unary 
  D_NORMK _DADD_K_is_K_plus_L _DMUL_K_is_K_times_L _DCMP_k_rel_j _D_FLOATK 
  _D_LONGK _DADD_Common _DSUB_Common _DMUL_Common _DADD _DADD_RC _DSUB _DMUL 
  _DMUL_RC _DCMP_RC _DNEG _DUFLOAT _DSTRUNC CheckCharWithBase _strtoul _strtol 
  strtol abs malloc free __ct__6CFX828Fv __dt__6CFX828Fv 
  PutToneTable__6CFX828FUci SetDecoderBandwidth__6CFX828FUc 
  EnableCTCSSDecoder__6CFX828FUcT1 CTCSS_Detected__6CFX828Fv 
  EnableToneDecoder__6CFX828FUcT1 Init__6CFX828Fv CTCSS_tx_enable__6CFX828FUc 
  TxCTCSS__6CFX828Fi TxZVEI__6CFX828FUc TxZVEI__6CFX828FPCUc GetTone__6CFX828Fv 
  IRQService__6CFX828Fv SendChar__6CFX828FUc SendCommand16__6CFX828FUcUi 
  SendCommand8__6CFX828FUcUc ReadCommand__6CFX828FUc ReadChar__6CFX828Fv 
  DataOut_PutVal__6CFX828FUc Clock_PutVal__6CFX828FUc __ct__7CBufferFi 
  __dt__7CBufferFv Init__7CBufferFi kbhit__7CBufferFv GetLen__7CBufferFv 
  put__7CBufferFUc get__7CBufferFv 
SECTION: ".bss"
  SerFlag even_timer flag.3 heap_end free_ptr tone.2 signalling_setup 
  signalling_control irq_mask selcall_subaudio_status general_control 
  ctcss_tx_fast_rx_freq rx_tone_program audio_control selcall_tx irq_flag 
SECTION: ".init"
  loadByte Init _Startup __ConstructorInit__ 
SECTION: ".fini"
  __DestructorInit__ 
SECTION: ".rodata"
  RxCTCSSTable pow10 pow16 pow8 fpow10 fpow_10 ZVEI 
SECTION: ".rodata1"
  STRING.12345.2 STRING..d..4 STRING...CTCSS.ON....5 STRING...CTCSS.OFF....6 
SECTION: "HEAP_SEGMENT"
  _heap_ 
SECTION: ".common"
  FX828 pbuf errno 
SECTION: ".abs_section_3e"
  _ADCLK 
SECTION: ".abs_section_3d"
  _ADR 
SECTION: ".abs_section_3c"
  _ADSCR 
SECTION: ".abs_section_fe09"
  _BRKH 
SECTION: ".abs_section_fe0d"
  _BRKL 
SECTION: ".abs_section_fe0b"
  _BRKSCR 
SECTION: ".abs_section_1f"
  _CONFIG1 
SECTION: ".abs_section_1e"
  _CONFIG2 
SECTION: ".abs_section_1000ffff"
  _COPCTL 
SECTION: ".abs_section_4"
  _DDRA 
SECTION: ".abs_section_5"
  _DDRB 
SECTION: ".abs_section_6"
  _DDRC 
SECTION: ".abs_section_7"
  _DDRD 
SECTION: ".abs_section_c"
  _DDRE 
SECTION: ".abs_section_ff7e"
  _FLBPR 
SECTION: ".abs_section_fe08"
  _FLCR1 
SECTION: ".abs_section_fe04"
  _INT1 
SECTION: ".abs_section_fe05"
  _INT2 
SECTION: ".abs_section_fe06"
  _INT3 
SECTION: ".abs_section_1b"
  _INTKBIER 
SECTION: ".abs_section_1a"
  _INTKBSCR 
SECTION: ".abs_section_1d"
  _INTSCR 
SECTION: ".abs_section_fe0c"
  _BRK _LVISR 
SECTION: ".abs_section_37"
  _PBWC 
SECTION: ".abs_section_36"
  _PCTL 
SECTION: ".abs_section_3b"
  _PMDS 
SECTION: ".abs_section_3a"
  _PMRS 
SECTION: ".abs_section_38"
  _PMS _PMSH 
SECTION: ".abs_section_39"
  _PMSL 
SECTION: ".abs_section_0"
  _PTA 
SECTION: ".abs_section_d"
  _PTAPUE 
SECTION: ".abs_section_1"
  _PTB 
SECTION: ".abs_section_2"
  _PTC 
SECTION: ".abs_section_e"
  _PTCPUE 
SECTION: ".abs_section_3"
  _PTD 
SECTION: ".abs_section_f"
  _PTDPUE 
SECTION: ".abs_section_8"
  _PTE 
SECTION: ".abs_section_fe03"
  _SBFCR 
SECTION: ".abs_section_fe00"
  _SBSR 
SECTION: ".abs_section_19"
  _SCBR 
SECTION: ".abs_section_13"
  _SCC1 
SECTION: ".abs_section_14"
  _SCC2 
SECTION: ".abs_section_15"
  _SCC3 
SECTION: ".abs_section_18"
  _SCDR 
SECTION: ".abs_section_16"
  _SCS1 
SECTION: ".abs_section_17"
  _SCS2 
SECTION: ".abs_section_10"
  _SPCR 
SECTION: ".abs_section_12"
  _SPDR 
SECTION: ".abs_section_11"
  _SPSCR 
SECTION: ".abs_section_fe01"
  _SRSR 
SECTION: ".abs_section_21"
  _T1CNT _T1CNTH 
SECTION: ".abs_section_22"
  _T1CNTL 
SECTION: ".abs_section_26"
  _T1CH0 _T1CH0H 
SECTION: ".abs_section_27"
  _T1CH0L 
SECTION: ".abs_section_29"
  _T1CH1 _T1CH1H 
SECTION: ".abs_section_2a"
  _T1CH1L 
SECTION: ".abs_section_23"
  _T1MOD _T1MODH 
SECTION: ".abs_section_24"
  _T1MODL 
SECTION: ".abs_section_20"
  _T1SC 
SECTION: ".abs_section_25"
  _T1SC0 
SECTION: ".abs_section_28"
  _T1SC1 
SECTION: ".abs_section_2c"
  _T2CNT _T2CNTH 
SECTION: ".abs_section_2d"
  _T2CNTL 
SECTION: ".abs_section_31"
  _T2CH0 _T2CH0H 
SECTION: ".abs_section_32"
  _T2CH0L 
SECTION: ".abs_section_34"
  _T2CH1 _T2CH1H 
SECTION: ".abs_section_35"
  _T2CH1L 
SECTION: ".abs_section_2e"
  _T2MOD _T2MODH 
SECTION: ".abs_section_2f"
  _T2MODL 
SECTION: ".abs_section_2b"
  _T2SC 
SECTION: ".abs_section_30"
  _T2SC0 
SECTION: ".abs_section_33"
  _T2SC1 
SECTION: ".abs_section_1c"
  _TBCR 
SECTION: ".abs_section_ffdc"
  _vect 

*********************************************************************************************
UNUSED-OBJECTS SECTION
---------------------------------------------------------------------------------------------
NOT USED PROCEDURES
cpu.c.o:
  Cpu_GetSpeedMode 
events.c.o:
  SPI_OnRxChar SPI_OnTxChar SPI_OnError 
terminal.c.o:
  Terminal_GetCharsInTxBuf 
delay.c.o:
  delay_ms 
NEW.CPP.o (cpp.lib):
  abs__Fl __ct__7InitiosFv.1 __sf_ios_sync_with_stdio__Fv.3 
  rdbuf__3iosFP9streambuf.6 rdbuf__3iosFv.35 exceptions__3iosFi.34 
  exceptions__3iosFv.33 __nt__3iosFv.32 __opPv__3iosFv.31 rdstate__3iosFv.30 
  bad__3iosFv.29 fail__3iosFv.28 eof__3iosFv.27 good__3iosFv.26 
  setstate__3iosFi.25 set__3iosFi.24 clear__3iosFi.5 _throw_failure__3iosFv.23 
  width__3iosFi.22 width__3iosFv.21 unsetf__3iosFUl.20 setf__3iosFUlT1.19 
  setf__3iosFUl.18 precision__3iosFi.17 precision__3iosFv.16 flags__3iosFUl.15 
  flags__3iosFv.14 fill__3iosFs.13 fill__3iosFv.12 tie__3iosFP7ostream.11 
  tie__3iosFv.10 saving__12streammarkerFv.38 set_offset__12streammarkerFi.39 
  stossc__9streambufFv.41 snextc__9streambufFv.99 sgetc__9streambufFv.98 
  sbumpc__9streambufFv.97 sputc__9streambufFi.96 sgetn__9streambufFPUcl.95 
  padn__9streambufFUcl.94 sputn__9streambufFPCUcl.93 
  out_waiting__9streambufFv.92 in_avail__9streambufFv.91 
  allocbuf__9streambufFv.90 allocate__9streambufFv.89 
  linebuffered__9streambufFi.88 unbuffered__9streambufFi.87 
  linebuffered__9streambufFv.86 unbuffered__9streambufFv.85 
  pubseekpos__9streambufFli.80 pubseekoff__9streambufFl8seek_diri.78 
  put_mode__9streambufFv.74 have_markers__9streambufFv.73 
  have_backup__9streambufFv.72 eNptr__9streambufFv.71 Nbase__9streambufFv.70 
  eBptr__9streambufFv.69 Bptr__9streambufFv.68 Bbase__9streambufFv.67 
  eGptr__9streambufFv.66 Gbase__9streambufFv.65 in_backup__9streambufFv.64 
  shortbuf__9streambufFv.63 setg__9streambufFPUcPUcPUc.62 
  setp__9streambufFPUcPUc.61 pbump__9streambufFi.59 gbump__9streambufFi.58 
  xsetflags__9streambufFiT1.57 xsetflags__9streambufFi.56 
  xflags__9streambufFi.55 xflags__9streambufFv.54 xput_char__9streambufFUc.53 
  blen__9streambufFv.52 ebuf__9streambufFv.51 base__9streambufFv.50 
  eback__9streambufFv.49 pbase__9streambufFv.48 epptr__9streambufFv.47 
  egptr__9streambufFv.46 pptr__9streambufFv.45 gptr__9streambufFv.44 
  xchain__9streambufFv.43 _vtable__9streambufFv.42 file_ptr__7filebufFv.101 
  cur_ptr__7filebufFv.108 is_reading__7filebufFv.107 fd__7filebufFv.105 
  is_open__7filebufFv.104 init__3iosFP9streambufP7ostream.36 
  __ct__3iosFP9streambufP7ostream.7 __dt__3iosFv.2 
  __ls__7ostreamFPFR3ios_R3ios.110 __ls__7ostreamFPFR7ostream_R7ostream.117 
  __ls__7ostreamFUc.116 put__7ostreamFUc.115 osfx__7ostreamFv.114 
  opfx__7ostreamFv.113 __ct__7ostreamFUcP11_ios_fields.111 
  __ct__7ostreamFUc.109 __rs__7istreamFPFR7istream_R7istream.119 
  __rs__7istreamFPFR3ios_R3ios.142 scan__7istreamFPCUce.141 
  unget__7istreamFv.140 putback__7istreamFUc.139 gcount__7istreamFv.136 
  get__7istreamFv.135 isfx__7istreamFv.134 ipfx1__7istreamFv.133 
  ipfx0__7istreamFv.132 ipfx__7istreamFi.130 getline__7istreamFPUciUc.126 
  get__7istreamFPUciUc.123 __ct__7istreamFUcP11_ios_fields.120 
  __ct__7istreamFUc.118 __ct__8iostreamFv.143 __as__5RegexFRC5Regex.145 
  __ct__5RegexFRC5Regex.146 length__6StringFv.154 empty__6StringFv.251 
  chars__6StringFv.250 allocation__6StringFv.252 length__9SubStringFv.267 
  empty__9SubStringFv.268 chars__9SubStringFv.269 __ct__6StringFv.153 
  __ct__6StringFRC6String.155 __ct__6StringFPCUc.157 __ct__6StringFPCUci.158 
  __ct__6StringFRC9SubString.156 __ct__6StringFUc.159 __dt__6StringFv.160 
  __ct__9SubStringFRC9SubString.254 __ct__9SubStringFR6StringiT2.253 
  __dt__9SubStringFv.255 __as__6StringFRC6String.164 __as__6StringFPCUc.165 
  __as__6StringFRC9SubString.167 __as__6StringFUc.166 __as__9SubStringFPCUc.259 
  __as__9SubStringFUc.260 __as__9SubStringFRC6String.257 
  __as__9SubStringFRC9SubString.258 cat__FRC6StringRC6StringR6String 
  cat__FRC6StringRC9SubStringR6String cat__FRC6StringPCUcR6String 
  cat__FRC6StringUcR6String cat__FRC9SubStringRC6StringR6String 
  cat__FRC9SubStringRC9SubStringR6String cat__FRC9SubStringPCUcR6String 
  cat__FRC9SubStringUcR6String cat__FPCUcRC6StringR6String 
  cat__FPCUcRC9SubStringR6String cat__FPCUcPCUcR6String cat__FPCUcUcR6String 
  cat__FRC6StringRC6StringRC6StringR6String 
  cat__FRC6StringRC6StringRC9SubStringR6String 
  cat__FRC6StringRC6StringPCUcR6String cat__FRC6StringRC6StringUcR6String 
  cat__FRC6StringRC9SubStringRC6StringR6String 
  cat__FRC6StringRC9SubStringRC9SubStringR6String 
  cat__FRC6StringRC9SubStringPCUcR6String cat__FRC6StringRC9SubStringUcR6String 
  cat__FRC6StringPCUcRC6StringR6String cat__FRC6StringPCUcRC9SubStringR6String 
  cat__FRC6StringPCUcPCUcR6String cat__FRC6StringPCUcUcR6String 
  cat__FPCUcRC6StringRC6StringR6String cat__FPCUcRC6StringRC9SubStringR6String 
  cat__FPCUcRC6StringPCUcR6String cat__FPCUcRC6StringUcR6String 
  cat__FPCUcRC9SubStringRC6StringR6String 
  cat__FPCUcRC9SubStringRC9SubStringR6String cat__FPCUcRC9SubStringPCUcR6String 
  cat__FPCUcRC9SubStringUcR6String cat__FPCUcPCUcRC6StringR6String 
  cat__FPCUcPCUcRC9SubStringR6String cat__FPCUcPCUcPCUcR6String 
  cat__FPCUcPCUcUcR6String __apl__6StringFRC6String.168 
  __apl__6StringFRC9SubString.169 __apl__6StringFPCUc.170 __apl__6StringFUc.171 
  __pl__FGRC6StringRC6String __pl__FGRC6StringRC9SubString 
  __pl__FGRC6StringPCUc __pl__FGRC6StringUc __pl__FGRC9SubStringRC6String 
  __pl__FGRC9SubStringRC9SubString __pl__FGRC9SubStringPCUc 
  __pl__FGRC9SubStringUc __pl__FGPCUcRC6String __pl__FGPCUcRC9SubString 
  reverse__FRC6String upcase__FRC6String downcase__FRC6String 
  capitalize__FRC6String prepend__6StringFRC6String.172 
  prepend__6StringFPCUc.174 prepend__6StringFUc.175 
  prepend__6StringFRC9SubString.173 reverse__6StringFv.241 
  upcase__6StringFv.242 downcase__6StringFv.243 capitalize__6StringFv.244 
  __vc__6StringFi.245 __vc__6StringFi.246 elem__6StringFi.247 
  firstchar__6StringFv.248 lastchar__6StringFv.249 index__6StringFUci.176 
  index__6StringFPCUci.182 index__6StringFRC6Stringi.178 
  index__6StringFRC9SubStringi.180 index__6StringFRC5Regexi.184 
  contains__6StringFUc.186 contains__6StringFPCUc.189 
  contains__6StringFRC6String.187 contains__6StringFRC9SubString.188 
  contains__6StringFUci.191 contains__6StringFPCUci.194 
  contains__6StringFRC6Stringi.192 contains__6StringFRC9SubStringi.193 
  contains__6StringFRC5Regex.190 contains__6StringFRC5Regexi.195 
  matches__6StringFRC9SubStringi.200 matches__6StringFRC6Stringi.198 
  matches__6StringFPCUci.202 matches__6StringFUci.196 
  matches__6StringFRC5Regexi.204 contains__9SubStringFPCUc.264 
  contains__9SubStringFRC6String.262 contains__9SubStringFRC9SubString.263 
  contains__9SubStringFUc.261 contains__9SubStringFRC5Regex.265 
  matches__9SubStringFRC5Regex.266 gsub__6StringFRC6StringRC6String.236 
  gsub__6StringFRC9SubStringRC6String.237 gsub__6StringFRC5RegexRC6String.240 
  gsub__6StringFPCUcRC6String.238 gsub__6StringFPCUcPCUc.239 
  __ls__FGR7ostreamRC6String __eq__FGRC6StringRC6String 
  __ne__FGRC6StringRC6String __gt__FGRC6StringRC6String 
  __ge__FGRC6StringRC6String __lt__FGRC6StringRC6String 
  __le__FGRC6StringRC6String __eq__FGRC6StringRC9SubString 
  __ne__FGRC6StringRC9SubString __gt__FGRC6StringRC9SubString 
  __ge__FGRC6StringRC9SubString __lt__FGRC6StringRC9SubString 
  __le__FGRC6StringRC9SubString __eq__FGRC6StringPCUc __ne__FGRC6StringPCUc 
  __gt__FGRC6StringPCUc __ge__FGRC6StringPCUc __lt__FGRC6StringPCUc 
  __le__FGRC6StringPCUc __eq__FGRC9SubStringRC6String 
  __ne__FGRC9SubStringRC6String __gt__FGRC9SubStringRC6String 
  __ge__FGRC9SubStringRC6String __lt__FGRC9SubStringRC6String 
  __le__FGRC9SubStringRC6String __eq__FGRC9SubStringRC9SubString 
  __ne__FGRC9SubStringRC9SubString __gt__FGRC9SubStringRC9SubString 
  __ge__FGRC9SubStringRC9SubString __lt__FGRC9SubStringRC9SubString 
  __le__FGRC9SubStringRC9SubString __eq__FGRC9SubStringPCUc 
  __ne__FGRC9SubStringPCUc __gt__FGRC9SubStringPCUc __ge__FGRC9SubStringPCUc 
  __lt__FGRC9SubStringPCUc __le__FGRC9SubStringPCUc _substr__6StringFiT1.163 
  __dt__5TraceFv.273 __ct__5TraceFPUc.274 set_new_handler 
  __ct__7Std_ErrFRC7Std_Err __as__7Std_ErrFRC7Std_Err __ct__5TraceFRC5Trace 
  __as__5TraceFRC5Trace 
main.cpp.o:
  __ct__7CBufferFRC7CBuffer __as__7CBufferFRC7CBuffer __ct__6CFX828FRC6CFX828 
  __as__6CFX828FRC6CFX828 
CTYPE.C.o (ansi.lib):
  isalnum isalpha iscntrl isgraph islower isprint ispunct isupper isxdigit 
  tolower 
EMBEDDED.C.o (ansi.lib):
  printf scanf gets puts fopen fflush fclose fprintf fputs fputc fgetc remove 
  clock abort 
MATH08D.C.o (ansi.lib):
  modf ldexp 
PRINTF.C.o (ansi.lib):
  set_printf vsprintf 
RTSHC08.C.o (ansi.lib):
  _ENTER_BINARY_L64_LC _LAND_k_is_k_and_j _LOR_k_is_k_or_j _LXOR_k_is_k_xor_j 
  _LMODS_k_is_k_mod_j _BMULS _BDIVS _BMODS _IMODU _IDIVU_8 _IMODU_8 _IASR _ILSR 
  _ILSL _LINC _LDEC _LNOT _LADD_RC _LSUB_RC _LAND _LAND_RC _LOR _LOR_RC _LXOR 
  _LXOR_RC _LMUL_RC _LDIVS _LDIVS_RC _LDIVU_LC _LMODS _LMODS_LC _LMODS_RC 
  _LMODU _LMODU_LC _LASR _LLSR _LLSL _LCMP_RC _COPY_L _STORE32 _STORE64 
  _SEXT8_32 _CALL _Jump_Table_Offset _Jump_Table_Header_Addr 
  _Jump_Table_Header_Offset _Search_Table_16_Addr _Search_Table_16_Offset 
  _PUSH_CC _POP_CC F_CLRK F_CLRK_Unary F_NANK F_MAXK F_MAXK_Unary F_TLK F_XGKL 
  _UNPACK_k_to_K _UNPACK_k_to_K_Unary _UNPACK_j_to_L _PACK_K_to_k 
  _PACK_K_to_k_Unary F_NORMK _FADD_K_is_K_plus_L _FMUL_K_is_K_times_L 
  _FDIV_K_is_K_div_L _F_LONGK _F_FLOATK _FCMP_k_rel_j _FADD_Common _FSUB_Common 
  _FMUL_Common _FDIV_Common _FADD _FADD_RC _FSUB _FSUB_RC _FSUB_LC _FMUL 
  _FMUL_RC _FDIV _FDIV_RC _FDIV_LC _FSTRUNC _FUTRUNC _FNEG _FABS _FCMP _FCMP_RC 
  _FINC _FDEC _FSFLOAT _FUFLOAT D_TLRes D_NANK D_NANK_Unary D_MAXK_Unary 
  D_NORMK_Unary _DDIV_K_is_K_div_L _D_FTODK _D_DTOFK _DDIV_Common _DSUB_RC 
  _DSUB_LC _DDIV _DDIV_LC _DDIV_RC _DCMP _DINC _DDEC _DABS _DSFLOAT _DUTRUNC 
  _DSHORT _DLONG 
STDLIB.C.o (ansi.lib):
  atexit getenv system mblen mbtowc wctomb mbstowcs wcstombs strtoul _strtod 
  strtod _itoa bsearch swap qsort div ldiv labs rand srand 
ALLOC.C.o (ansi.lib):
  calloc realloc 
buffer.cpp.o:
  __ct__7CBufferFv __vc__7CBufferFUc 
NOT USED VARIABLES
cpu.c.o:
  CpuMode CCR_reg 
events.c.o:
  event_timer 
NEW.CPP.o (cpp.lib):
  STRING.invalid.index.270 STRING.invalid.index.271 STRING.invalid.index.272 
  _nilStrRep ____vtbl__ios ____vtbl__streambuf ____vtbl__filebufstreambuf 
  ____vtbl__ostreamios ____vtbl__istreamios ____vtbl__iostreamistreamios 
  ____vtbl__iostreamostreamios ____vtbl__iostreamios 
  ____vtbl___IO_istream_withassignistreamios 
  ____vtbl___IO_ostream_withassignostreamios __sf_streambuf__list_all 
  __sf_filebuf_openprot _nilString __sf_Std_Err_program_name __sf_Trace_nesting 
main.cpp.o:
  RxZVEI1Table 
CTYPE.C.o (ansi.lib):
  _ctype 
EMBEDDED.C.o (ansi.lib):
  STRING..1 
RTSHC08.C.o (ansi.lib):
  _PowOfTwo_8 _PowOfTwo_16 _PowOfTwo_32 plus1 minus1 plus1d minus1d 
STDLIB.C.o (ansi.lib):
  infinity seed channels 

*********************************************************************************************
COPYDOWN SECTION
---------------------------------------------------------------------------------------------
------- ROM-ADDRESS: 0xAFEC ---- SIZE       2 ---
Filling bytes inserted
 0000

*********************************************************************************************
OBJECT-DEPENDENCIES SECTION
---------------------------------------------------------------------------------------------
__DestructorInit__        USES FX828 __dt__6CFX828Fv 
Init                      USES _startupData loadByte 
_Startup                  USES _startupData __SEG_END_SSTACK Init 
                                __low_level_init 
__ConstructorInit__       USES FX828 __ct__6CFX828Fv 
Cpu_SWIInterrupt          USES Cpu_OnSwINT 
__low_level_init          USES _PTAPUE _DDRA _CONFIG1 _CONFIG2 _PCTL _PMS 
                                _PMRS _PBWC _PTE _DDRE Terminal_Init _INTSCR 
                                TIMER_Init 
IRQ_OnInterrupt           USES MainIRQ 
TIMER_OnInterrupt         USES even_timer 
Terminal_HWEnDi           USES _SCC1 _SCC2 
Terminal_SendChar         USES _SCS1 _SCDR 
Terminal_Init             USES SerFlag _SCC1 _SCC3 _SCBR Terminal_HWEnDi 
IRQ_Interrupt             USES IRQ_OnInterrupt 
SetCV                     USES _T2CH0H _T2MODH _T2CH0L _T2MODL 
SetPV                     USES _T2SC 
TIMER_Init                USES _T2SC _T2SC0 SetCV SetPV 
TIMER_Interrupt           USES _T2SC0 TIMER_OnInterrupt 
__nw__FGUi                USES malloc exit 
__dl__FGPv                USES free 
main                      USES maincpp 
PutString__FPUc           USES Terminal_SendChar 
maincpp                   USES FX828 Init__6CFX828Fv RxCTCSSTable 
                                PutToneTable__6CFX828FUci SetDecoderBandwidth__6CFX828FUc 
                                EnableToneDecoder__6CFX828FUcT1 EnableCTCSSDecoder__6CFX828FUcT1 
                                TxCTCSS__6CFX828Fi CTCSS_tx_enable__6CFX828FUc STRING.12345.2 
                                TxZVEI__6CFX828FPCUc 
MainIRQ                   USES FX828 IRQService__6CFX828Fv GetTone__6CFX828Fv 
                                STRING..d..4 sprintf PutString__FPUc 
                                CTCSS_Detected__6CFX828Fv flag.3 STRING...CTCSS.ON....5 
                                STRING...CTCSS.OFF....6 
_heapcrash_               USES _IDIVS 
frexp                     USES _COPY 
Ten                       USES fpow10 fpow_10 Ten _COPY _DMUL _POP64 
vprintf                   USES vprintf _out _Search_Table_8_Offset _IMUL 
                                toupper _Jump_Table_Addr _Search_Table_8_Addr pbuf 
                                _SEXT16_32 _POP32 _LNEG pow8 _LCMP pow16 pow10 _COPY 
                                _LSUB _DNEG _POP64 frexp _IDIVS _DMUL _DMUL_RC _DADD 
                                _DSTRUNC _DUFLOAT _DSUB _DADD_RC _ICMP Ten _IMODS 
                                _LMODU_RC _DCMP_RC _LDIVU_RC 
_out                      USES pbuf 
deposit_char              USES pbuf 
sprintf                   USES pbuf deposit_char vprintf 
_ENTER_BINARY_L           USES _PUSH_ARGS_L 
_ENTER_BINARY_L_RC        USES _PUSH_ARGS_L 
_ENTER_BINARY_L_LC        USES _PUSH_ARGS_L 
_ENTER_BINARY_L64         USES _PUSH_ARGS_D 
_ENTER_BINARY_L64_RC      USES _PUSH_ARGS_D 
_SPLITSIGN                USES _IDIVMOD 
_LMUL_k_is_k_mul_j        USES _k_is_k_plus_j_l _k_is_k_plus_j_i 
_LDIVMOD                  USES _LDIVMOD 
_ABS_L_HX                 USES _NEG_L_HX 
_SPLITSIGN_L              USES _ABS_L_HX 
_LMODU_k_is_k_mod_j       USES _LDIVMOD 
_LDIVU_k_is_k_div_j       USES _LDIVMOD 
_LDIVS_k_is_k_div_j       USES _SPLITSIGN_L _LDIVMOD _NEG_L_HX 
_IDIVS                    USES _SPLITSIGN 
_IDIVU                    USES _IDIVMOD 
_IMODS                    USES _SPLITSIGN 
_LNEG                     USES _ENTER_UNARY_L 
_LADD                     USES _ENTER_BINARY_L _LADD_k_is_k_plus_j 
_LSUB                     USES _ENTER_BINARY_L _LSUB_k_is_k_minus_j 
_LSUB_LC                  USES _ENTER_BINARY_L_LC _LSUB_k_is_k_minus_j 
_LMUL                     USES _ENTER_BINARY_L _LMUL_k_is_k_mul_j 
_LDIVS_LC                 USES _ENTER_BINARY_L_LC _LDIVS_k_is_k_div_j 
_LDIVU                    USES _ENTER_BINARY_L _LDIVU_k_is_k_div_j 
_LDIVU_RC                 USES _ENTER_BINARY_L_RC _LDIVU_k_is_k_div_j 
_LMODU_RC                 USES _ENTER_BINARY_L_RC _LMODU_k_is_k_mod_j 
_LCMP                     USES _ENTER_BINARY_L _LCMP_k_rel_j 
_DPACK_K_to_k             USES D_TKRes 
D_NORMK                   USES D_CLRK D_MAXK 
_DADD_K_is_K_plus_L       USES D_TLK D_XGKL D_NORMK 
_DMUL_K_is_K_times_L      USES D_TLK D_NORMK 
_D_FLOATK                 USES D_CLRK_Unary 
_D_LONGK                  USES _NEG_L_HX 
_DADD_Common              USES _DUNPACK_k_to_K _DUNPACK_j_to_L 
                                _DADD_K_is_K_plus_L _DPACK_K_to_k 
_DSUB_Common              USES _DUNPACK_k_to_K _DUNPACK_j_to_L 
                                _DADD_K_is_K_plus_L _DPACK_K_to_k 
_DMUL_Common              USES _DUNPACK_k_to_K _DUNPACK_j_to_L 
                                _DMUL_K_is_K_times_L _DPACK_K_to_k 
_DADD                     USES _ENTER_BINARY_L64 _DADD_Common 
_DADD_RC                  USES _ENTER_BINARY_L64_RC _DADD_Common 
_DSUB                     USES _ENTER_BINARY_L64 _DSUB_Common 
_DMUL                     USES _ENTER_BINARY_L64 _DMUL_Common 
_DMUL_RC                  USES _ENTER_BINARY_L64_RC _DMUL_Common 
_DCMP_RC                  USES _ENTER_BINARY_L64_RC _DCMP_k_rel_j 
_DNEG                     USES _ENTER_UNARY_L64 
_DUFLOAT                  USES _ENTER_UNARY_L64_4 _D_FLOATK 
                                _DPACK_K_to_k_Unary 
_DSTRUNC                  USES _ENTER_UNARY_L64 _DUNPACK_k_to_K_Unary _D_LONGK 
CheckCharWithBase         USES toupper 
_strtoul                  USES _strtoul isspace CheckCharWithBase _SEXT16_32 
                                _LSUB_LC _LDIVU _LCMP _LMUL _LADD _POP32 errno _COPY 
                                toupper 
_strtol                   USES _strtol isspace isdigit _strtoul _COPY errno 
                                _LNEG _POP32 
strtol                    USES _strtol _COPY 
malloc                    USES _IDIVU heap_end _heap_ free_ptr _IMUL malloc 
                                _heapcrash_ 
free                      USES free _heap_ heap_end _heapcrash_ free_ptr _IMUL 
__ct__6CFX828Fv           USES Init__6CFX828Fv 
__dt__6CFX828Fv           USES __dl__FGPv __dt__7CBufferFv 
PutToneTable__6CFX828FUci USES SendCommand16__6CFX828FUcUi 
SetDecoderBandwidth__6CFX828FUc USES signalling_setup 
                                SendCommand8__6CFX828FUcUc 
EnableCTCSSDecoder__6CFX828FUcT1 USES signalling_control 
                                SendCommand8__6CFX828FUcUc signalling_setup irq_mask 
CTCSS_Detected__6CFX828Fv USES selcall_subaudio_status 
EnableToneDecoder__6CFX828FUcT1 USES signalling_control 
                                SendCommand8__6CFX828FUcUc signalling_setup irq_mask 
Init__6CFX828Fv           USES __nw__FGUi Init__6CFX828Fv signalling_control 
                                signalling_setup general_control irq_mask ctcss_tx_fast_rx_freq 
                                rx_tone_program audio_control selcall_tx _DDRD _DDRC 
                                Clock_PutVal__6CFX828FUc _PTC SendChar__6CFX828FUc 
                                SendCommand8__6CFX828FUcUc __ct__7CBufferFi 
CTCSS_tx_enable__6CFX828FUc USES signalling_control SendCommand8__6CFX828FUcUc 
TxCTCSS__6CFX828Fi        USES _SEXT16_32 _LDIVS_LC ctcss_tx_fast_rx_freq 
                                SendCommand16__6CFX828FUcUi 
TxZVEI__6CFX828FUc        USES GetLen__7CBufferFv Clock_PutVal__6CFX828FUc 
                                _PTC irq_mask SendCommand8__6CFX828FUcUc 
                                signalling_control put__7CBufferFUc 
TxZVEI__6CFX828FPCUc      USES Clock_PutVal__6CFX828FUc _PTC 
                                GetLen__7CBufferFv strtol TxZVEI__6CFX828FUc 
GetTone__6CFX828Fv        USES kbhit__7CBufferFv get__7CBufferFv 
IRQService__6CFX828Fv     USES ReadCommand__6CFX828FUc irq_flag 
                                kbhit__7CBufferFv get__7CBufferFv ZVEI 
                                SendCommand16__6CFX828FUcUi signalling_control SendCommand8__6CFX828FUcUc 
                                irq_mask selcall_subaudio_status tone.2 
                                put__7CBufferFUc 
SendChar__6CFX828FUc      USES DataOut_PutVal__6CFX828FUc 
                                Clock_PutVal__6CFX828FUc 
SendCommand16__6CFX828FUcUi USES Clock_PutVal__6CFX828FUc _PTC 
                                SendChar__6CFX828FUc 
SendCommand8__6CFX828FUcUc USES Clock_PutVal__6CFX828FUc _PTC 
                                SendChar__6CFX828FUc 
ReadCommand__6CFX828FUc   USES Clock_PutVal__6CFX828FUc _PTC 
                                SendChar__6CFX828FUc ReadChar__6CFX828Fv 
ReadChar__6CFX828Fv       USES Clock_PutVal__6CFX828FUc _PTD 
DataOut_PutVal__6CFX828FUc USES _PTD 
Clock_PutVal__6CFX828FUc  USES _PTD 
__ct__7CBufferFi          USES Init__7CBufferFi 
__dt__7CBufferFv          USES free 
Init__7CBufferFi          USES malloc 
GetLen__7CBufferFv        USES abs 
get__7CBufferFv           USES kbhit__7CBufferFv 
_vect                     USES Cpu_Interrupt TIMER_Interrupt IRQ_Interrupt 
                                Cpu_SWIInterrupt _Startup 

*********************************************************************************************
DEPENDENCY TREE
*********************************************************************************************
 main and _Startup Group
 | 
 +- main                
 |  | 
 |  +- maincpp             
 |     | 
 |     +- Init__6CFX828Fv     
 |     |  | 
 |     |  +- __nw__FGUi          
 |     |  |  | 
 |     |  |  +- malloc              
 |     |  |  |  | 
 |     |  |  |  +- _IDIVU              
 |     |  |  |  |  | 
 |     |  |  |  |  +- _IDIVMOD            
 |     |  |  |  |       
 |     |  |  |  +- _IMUL               
 |     |  |  |  |    
 |     |  |  |  +- _heapcrash_         
 |     |  |  |     | 
 |     |  |  |     +- _IDIVS              
 |     |  |  |        | 
 |     |  |  |        +- _SPLITSIGN          
 |     |  |  |           | 
 |     |  |  |           +- _IDIVMOD             (see above)
 |     |  |  |              
 |     |  |  +- exit                
 |     |  |       
 |     |  +- Clock_PutVal__6CFX828FUc
 |     |  |    
 |     |  +- SendChar__6CFX828FUc
 |     |  |  | 
 |     |  |  +- DataOut_PutVal__6CFX828FUc
 |     |  |  |    
 |     |  |  +- Clock_PutVal__6CFX828FUc (see above)
 |     |  |     
 |     |  +- SendCommand8__6CFX828FUcUc
 |     |  |  | 
 |     |  |  +- Clock_PutVal__6CFX828FUc (see above)
 |     |  |  |  
 |     |  |  +- SendChar__6CFX828FUc (see above)
 |     |  |     
 |     |  +- __ct__7CBufferFi    
 |     |     | 
 |     |     +- Init__7CBufferFi    
 |     |        | 
 |     |        +- malloc               (see above)
 |     |           
 |     +- PutToneTable__6CFX828FUci
 |     |  | 
 |     |  +- SendCommand16__6CFX828FUcUi
 |     |     | 
 |     |     +- Clock_PutVal__6CFX828FUc (see above)
 |     |     |  
 |     |     +- SendChar__6CFX828FUc (see above)
 |     |        
 |     +- SetDecoderBandwidth__6CFX828FUc
 |     |  | 
 |     |  +- SendCommand8__6CFX828FUcUc (see above)
 |     |     
 |     +- EnableToneDecoder__6CFX828FUcT1
 |     |  | 
 |     |  +- SendCommand8__6CFX828FUcUc (see above)
 |     |     
 |     +- EnableCTCSSDecoder__6CFX828FUcT1
 |     |  | 
 |     |  +- SendCommand8__6CFX828FUcUc (see above)
 |     |     
 |     +- TxCTCSS__6CFX828Fi  
 |     |  | 
 |     |  +- _SEXT16_32          
 |     |  |    
 |     |  +- _LDIVS_LC           
 |     |  |  | 
 |     |  |  +- _ENTER_BINARY_L_LC  
 |     |  |  |  | 
 |     |  |  |  +- _PUSH_ARGS_L        
 |     |  |  |       
 |     |  |  +- _LDIVS_k_is_k_div_j 
 |     |  |     | 
 |     |  |     +- _SPLITSIGN_L        
 |     |  |     |  | 
 |     |  |     |  +- _ABS_L_HX           
 |     |  |     |     | 
 |     |  |     |     +- _NEG_L_HX           
 |     |  |     |          
 |     |  |     +- _LDIVMOD            
 |     |  |     |    
 |     |  |     +- _NEG_L_HX            (see above)
 |     |  |        
 |     |  +- SendCommand16__6CFX828FUcUi (see above)
 |     |     
 |     +- CTCSS_tx_enable__6CFX828FUc
 |     |  | 
 |     |  +- SendCommand8__6CFX828FUcUc (see above)
 |     |     
 |     +- TxZVEI__6CFX828FPCUc
 |        | 
 |        +- Clock_PutVal__6CFX828FUc (see above)
 |        |  
 |        +- GetLen__7CBufferFv  
 |        |  | 
 |        |  +- abs                 
 |        |       
 |        +- strtol              
 |        |  | 
 |        |  +- _strtol             
 |        |  |  | 
 |        |  |  +- isspace             
 |        |  |  |    
 |        |  |  +- isdigit             
 |        |  |  |    
 |        |  |  +- _strtoul            
 |        |  |  |  | 
 |        |  |  |  +- isspace              (see above)
 |        |  |  |  |  
 |        |  |  |  +- CheckCharWithBase   
 |        |  |  |  |  | 
 |        |  |  |  |  +- toupper             
 |        |  |  |  |       
 |        |  |  |  +- _SEXT16_32           (see above)
 |        |  |  |  |  
 |        |  |  |  +- _LSUB_LC            
 |        |  |  |  |  | 
 |        |  |  |  |  +- _ENTER_BINARY_L_LC   (see above)
 |        |  |  |  |  |  
 |        |  |  |  |  +- _LSUB_k_is_k_minus_j
 |        |  |  |  |       
 |        |  |  |  +- _LDIVU              
 |        |  |  |  |  | 
 |        |  |  |  |  +- _ENTER_BINARY_L     
 |        |  |  |  |  |  | 
 |        |  |  |  |  |  +- _PUSH_ARGS_L         (see above)
 |        |  |  |  |  |     
 |        |  |  |  |  +- _LDIVU_k_is_k_div_j 
 |        |  |  |  |     | 
 |        |  |  |  |     +- _LDIVMOD             (see above)
 |        |  |  |  |        
 |        |  |  |  +- _LCMP               
 |        |  |  |  |  | 
 |        |  |  |  |  +- _ENTER_BINARY_L      (see above)
 |        |  |  |  |  |  
 |        |  |  |  |  +- _LCMP_k_rel_j       
 |        |  |  |  |       
 |        |  |  |  +- _LMUL               
 |        |  |  |  |  | 
 |        |  |  |  |  +- _ENTER_BINARY_L      (see above)
 |        |  |  |  |  |  
 |        |  |  |  |  +- _LMUL_k_is_k_mul_j  
 |        |  |  |  |     | 
 |        |  |  |  |     +- _k_is_k_plus_j_l    
 |        |  |  |  |     |    
 |        |  |  |  |     +- _k_is_k_plus_j_i    
 |        |  |  |  |          
 |        |  |  |  +- _LADD               
 |        |  |  |  |  | 
 |        |  |  |  |  +- _ENTER_BINARY_L      (see above)
 |        |  |  |  |  |  
 |        |  |  |  |  +- _LADD_k_is_k_plus_j 
 |        |  |  |  |       
 |        |  |  |  +- _POP32              
 |        |  |  |  |    
 |        |  |  |  +- _COPY               
 |        |  |  |  |    
 |        |  |  |  +- toupper              (see above)
 |        |  |  |     
 |        |  |  +- _COPY                (see above)
 |        |  |  |  
 |        |  |  +- _LNEG               
 |        |  |  |  | 
 |        |  |  |  +- _ENTER_UNARY_L      
 |        |  |  |       
 |        |  |  +- _POP32               (see above)
 |        |  |     
 |        |  +- _COPY                (see above)
 |        |     
 |        +- TxZVEI__6CFX828FUc  
 |           | 
 |           +- GetLen__7CBufferFv   (see above)
 |           |  
 |           +- Clock_PutVal__6CFX828FUc (see above)
 |           |  
 |           +- SendCommand8__6CFX828FUcUc (see above)
 |           |  
 |           +- put__7CBufferFUc    
 |                
 +- _Startup            
    | 
    +- _startupData        
    |  | 
    |  +- __ConstructorInit__ 
    |  |  | 
    |  |  +- __ct__6CFX828Fv     
    |  |     | 
    |  |     +- Init__6CFX828Fv      (see above)
    |  |        
    |  +- __DestructorInit__  
    |     | 
    |     +- __dt__6CFX828Fv     
    |        | 
    |        +- __dl__FGPv          
    |        |  | 
    |        |  +- free                
    |        |     | 
    |        |     +- _heapcrash_          (see above)
    |        |     |  
    |        |     +- _IMUL                (see above)
    |        |        
    |        +- __dt__7CBufferFv    
    |           | 
    |           +- free                 (see above)
    |              
    +- Init                
    |  | 
    |  +- _startupData         (see above)
    |  |  
    |  +- loadByte            
    |       
    +- __low_level_init    
       | 
       +- Terminal_Init       
       |  | 
       |  +- Terminal_HWEnDi     
       |       
       +- TIMER_Init          
          | 
          +- SetCV               
          |    
          +- SetPV               
               
 _ADCLK              
   
 _ADR                
   
 _ADSCR              
   
 _BRKH               
   
 _BRKL               
   
 _BRKSCR             
   
 _CONFIG1            
   
 _CONFIG2            
   
 _COPCTL             
   
 _DDRA               
   
 _DDRB               
   
 _DDRC               
   
 _DDRD               
   
 _DDRE               
   
 _FLBPR              
   
 _FLCR1              
   
 _INT1               
   
 _INT2               
   
 _INT3               
   
 _INTKBIER           
   
 _INTKBSCR           
   
 _INTSCR             
   
 _LVISR              
   
 _BRK                
   
 _PBWC               
   
 _PCTL               
   
 _PMDS               
   
 _PMRS               
   
 _PMSH               
   
 _PMS                
   
 _PMSL               
   
 _PTA                
   
 _PTAPUE             
   
 _PTB                
   
 _PTC                
   
 _PTCPUE             
   
 _PTD                
   
 _PTDPUE             
   
 _PTE                
   
 _SBFCR              
   
 _SBSR               
   
 _SCBR               
   
 _SCC1               
   
 _SCC2               
   
 _SCC3               
   
 _SCDR               
   
 _SCS1               
   
 _SCS2               
   
 _SPCR               
   
 _SPDR               
   
 _SPSCR              
   
 _SRSR               
   
 _T1CNTH             
   
 _T1CNT              
   
 _T1CNTL             
   
 _T1CH0H             
   
 _T1CH0              
   
 _T1CH0L             
   
 _T1CH1H             
   
 _T1CH1              
   
 _T1CH1L             
   
 _T1MODH             
   
 _T1MOD              
   
 _T1MODL             
   
 _T1SC               
   
 _T1SC0              
   
 _T1SC1              
   
 _T2CNTH             
   
 _T2CNT              
   
 _T2CNTL             
   
 _T2CH0H             
   
 _T2CH0              
   
 _T2CH0L             
   
 _T2CH1H             
   
 _T2CH1              
   
 _T2CH1L             
   
 _T2MODH             
   
 _T2MOD              
   
 _T2MODL             
   
 _T2SC               
   
 _T2SC0              
   
 _T2SC1              
   
 _TBCR               
   
 _vect               
 | 
 +- Cpu_Interrupt       
 |    
 +- TIMER_Interrupt     
 |  | 
 |  +- TIMER_OnInterrupt   
 |       
 +- IRQ_Interrupt       
 |  | 
 |  +- IRQ_OnInterrupt     
 |     | 
 |     +- MainIRQ             
 |        | 
 |        +- IRQService__6CFX828Fv
 |        |  | 
 |        |  +- ReadCommand__6CFX828FUc
 |        |  |  | 
 |        |  |  +- Clock_PutVal__6CFX828FUc (see above)
 |        |  |  |  
 |        |  |  +- SendChar__6CFX828FUc (see above)
 |        |  |  |  
 |        |  |  +- ReadChar__6CFX828Fv 
 |        |  |     | 
 |        |  |     +- Clock_PutVal__6CFX828FUc (see above)
 |        |  |        
 |        |  +- kbhit__7CBufferFv   
 |        |  |    
 |        |  +- get__7CBufferFv     
 |        |  |  | 
 |        |  |  +- kbhit__7CBufferFv    (see above)
 |        |  |     
 |        |  +- SendCommand16__6CFX828FUcUi (see above)
 |        |  |  
 |        |  +- SendCommand8__6CFX828FUcUc (see above)
 |        |  |  
 |        |  +- put__7CBufferFUc     (see above)
 |        |     
 |        +- GetTone__6CFX828Fv  
 |        |  | 
 |        |  +- kbhit__7CBufferFv    (see above)
 |        |  |  
 |        |  +- get__7CBufferFv      (see above)
 |        |     
 |        +- sprintf             
 |        |  | 
 |        |  +- deposit_char        
 |        |  |    
 |        |  +- vprintf             
 |        |     | 
 |        |     +- _out                
 |        |     |    
 |        |     +- _Search_Table_8_Offset
 |        |     |    
 |        |     +- _IMUL                (see above)
 |        |     |  
 |        |     +- toupper              (see above)
 |        |     |  
 |        |     +- _Jump_Table_Addr    
 |        |     |    
 |        |     +- _Search_Table_8_Addr
 |        |     |    
 |        |     +- _SEXT16_32           (see above)
 |        |     |  
 |        |     +- _POP32               (see above)
 |        |     |  
 |        |     +- _LNEG                (see above)
 |        |     |  
 |        |     +- _LCMP                (see above)
 |        |     |  
 |        |     +- _COPY                (see above)
 |        |     |  
 |        |     +- _LSUB               
 |        |     |  | 
 |        |     |  +- _ENTER_BINARY_L      (see above)
 |        |     |  |  
 |        |     |  +- _LSUB_k_is_k_minus_j (see above)
 |        |     |     
 |        |     +- _DNEG               
 |        |     |  | 
 |        |     |  +- _ENTER_UNARY_L64    
 |        |     |       
 |        |     +- _POP64              
 |        |     |    
 |        |     +- frexp               
 |        |     |  | 
 |        |     |  +- _COPY                (see above)
 |        |     |     
 |        |     +- _IDIVS               (see above)
 |        |     |  
 |        |     +- _DMUL               
 |        |     |  | 
 |        |     |  +- _ENTER_BINARY_L64   
 |        |     |  |  | 
 |        |     |  |  +- _PUSH_ARGS_D        
 |        |     |  |       
 |        |     |  +- _DMUL_Common        
 |        |     |     | 
 |        |     |     +- _DUNPACK_k_to_K     
 |        |     |     |    
 |        |     |     +- _DUNPACK_j_to_L     
 |        |     |     |    
 |        |     |     +- _DMUL_K_is_K_times_L
 |        |     |     |  | 
 |        |     |     |  +- D_TLK               
 |        |     |     |  |    
 |        |     |     |  +- D_NORMK             
 |        |     |     |     | 
 |        |     |     |     +- D_CLRK              
 |        |     |     |     |    
 |        |     |     |     +- D_MAXK              
 |        |     |     |          
 |        |     |     +- _DPACK_K_to_k       
 |        |     |        | 
 |        |     |        +- D_TKRes             
 |        |     |             
 |        |     +- _DMUL_RC            
 |        |     |  | 
 |        |     |  +- _ENTER_BINARY_L64_RC
 |        |     |  |  | 
 |        |     |  |  +- _PUSH_ARGS_D         (see above)
 |        |     |  |     
 |        |     |  +- _DMUL_Common         (see above)
 |        |     |     
 |        |     +- _DADD               
 |        |     |  | 
 |        |     |  +- _ENTER_BINARY_L64    (see above)
 |        |     |  |  
 |        |     |  +- _DADD_Common        
 |        |     |     | 
 |        |     |     +- _DUNPACK_k_to_K      (see above)
 |        |     |     |  
 |        |     |     +- _DUNPACK_j_to_L      (see above)
 |        |     |     |  
 |        |     |     +- _DADD_K_is_K_plus_L 
 |        |     |     |  | 
 |        |     |     |  +- D_TLK                (see above)
 |        |     |     |  |  
 |        |     |     |  +- D_XGKL              
 |        |     |     |  |    
 |        |     |     |  +- D_NORMK              (see above)
 |        |     |     |     
 |        |     |     +- _DPACK_K_to_k        (see above)
 |        |     |        
 |        |     +- _DSTRUNC            
 |        |     |  | 
 |        |     |  +- _ENTER_UNARY_L64     (see above)
 |        |     |  |  
 |        |     |  +- _DUNPACK_k_to_K_Unary
 |        |     |  |    
 |        |     |  +- _D_LONGK            
 |        |     |     | 
 |        |     |     +- _NEG_L_HX            (see above)
 |        |     |        
 |        |     +- _DUFLOAT            
 |        |     |  | 
 |        |     |  +- _ENTER_UNARY_L64_4  
 |        |     |  |    
 |        |     |  +- _D_FLOATK           
 |        |     |  |  | 
 |        |     |  |  +- D_CLRK_Unary        
 |        |     |  |       
 |        |     |  +- _DPACK_K_to_k_Unary 
 |        |     |       
 |        |     +- _DSUB               
 |        |     |  | 
 |        |     |  +- _ENTER_BINARY_L64    (see above)
 |        |     |  |  
 |        |     |  +- _DSUB_Common        
 |        |     |     | 
 |        |     |     +- _DUNPACK_k_to_K      (see above)
 |        |     |     |  
 |        |     |     +- _DUNPACK_j_to_L      (see above)
 |        |     |     |  
 |        |     |     +- _DADD_K_is_K_plus_L  (see above)
 |        |     |     |  
 |        |     |     +- _DPACK_K_to_k        (see above)
 |        |     |        
 |        |     +- _DADD_RC            
 |        |     |  | 
 |        |     |  +- _ENTER_BINARY_L64_RC (see above)
 |        |     |  |  
 |        |     |  +- _DADD_Common         (see above)
 |        |     |     
 |        |     +- _ICMP               
 |        |     |    
 |        |     +- Ten                 
 |        |     |  | 
 |        |     |  +- _COPY                (see above)
 |        |     |  |  
 |        |     |  +- _DMUL                (see above)
 |        |     |  |  
 |        |     |  +- _POP64               (see above)
 |        |     |     
 |        |     +- _IMODS              
 |        |     |  | 
 |        |     |  +- _SPLITSIGN           (see above)
 |        |     |     
 |        |     +- _LMODU_RC           
 |        |     |  | 
 |        |     |  +- _ENTER_BINARY_L_RC  
 |        |     |  |  | 
 |        |     |  |  +- _PUSH_ARGS_L         (see above)
 |        |     |  |     
 |        |     |  +- _LMODU_k_is_k_mod_j 
 |        |     |     | 
 |        |     |     +- _LDIVMOD             (see above)
 |        |     |        
 |        |     +- _DCMP_RC            
 |        |     |  | 
 |        |     |  +- _ENTER_BINARY_L64_RC (see above)
 |        |     |  |  
 |        |     |  +- _DCMP_k_rel_j       
 |        |     |       
 |        |     +- _LDIVU_RC           
 |        |        | 
 |        |        +- _ENTER_BINARY_L_RC   (see above)
 |        |        |  
 |        |        +- _LDIVU_k_is_k_div_j  (see above)
 |        |           
 |        +- PutString__FPUc     
 |        |  | 
 |        |  +- Terminal_SendChar   
 |        |       
 |        +- CTCSS_Detected__6CFX828Fv
 |             
 +- Cpu_SWIInterrupt    
 |  | 
 |  +- Cpu_OnSwINT         
 |       
 +- _Startup             (see above)
    
*********************************************************************************************
STATISTIC SECTION
---------------------------------------------------------------------------------------------

ExeFile:
--------
Number of blocks to be downloaded: 7
Total size of all blocks to be downloaded: 12306

