
PROGRAM "Z:\vph1\personalizado\pdido 008\v7\calle\bin\pedebug.abs"

*********************************************************************************************
TARGET SECTION
---------------------------------------------------------------------------------------------
Processor   : Motorola HC08
Memory Model: SMALL
File Format : ELF\Dwarf 2.0
Linker      : SmartLinker V-5.0.21, Apr 11 2003

*********************************************************************************************
FILE SECTION
---------------------------------------------------------------------------------------------
Cpu.C.o                                 Model: SMALL,         Lang: ANSI-C
IO_Map.C.o                              Model: SMALL,         Lang: ANSI-C
Events.C.o                              Model: SMALL,         Lang: ANSI-C
Vectors.c.o                             Model: SMALL,         Lang: ANSI-C
Start08.c.o                             Model: SMALL,         Lang: ANSI-C
Terminal.C.o                            Model: SMALL,         Lang: ANSI-C
IRQ.C.o                                 Model: SMALL,         Lang: ANSI-C
TIMER.C.o                               Model: SMALL,         Lang: ANSI-C
delay.c.o                               Model: SMALL,         Lang: ANSI-C
NEW.CPP.o (cpp.lib)                     Model: SMALL,         Lang: C++
vph1.c.o                                Model: SMALL,         Lang: ANSI-C
main.cpp.o                              Model: SMALL,         Lang: C++
CTYPE.C.o (ansi.lib)                    Model: SMALL,         Lang: ANSI-C
EMBEDDED.C.o (ansi.lib)                 Model: SMALL,         Lang: ANSI-C
HEAP.C.o (ansi.lib)                     Model: SMALL,         Lang: ANSI-C
MATH08D.C.o (ansi.lib)                  Model: SMALL,         Lang: ANSI-C
PRINTF.C.o (ansi.lib)                   Model: SMALL,         Lang: ANSI-C
RTSHC08.C.o (ansi.lib)                  Model: SMALL,         Lang: ANSI-C
STDLIB.C.o (ansi.lib)                   Model: SMALL,         Lang: ANSI-C
ALLOC.C.o (ansi.lib)                    Model: SMALL,         Lang: ANSI-C
FX828.cpp.o                             Model: SMALL,         Lang: C++
buffer.cpp.o                            Model: SMALL,         Lang: C++

*********************************************************************************************
STARTUP SECTION
---------------------------------------------------------------------------------------------
Entry point: 0x8093 (_Startup)
_startupData is allocated at 0x80B7 and uses 9 Bytes
extern struct _tagStartup {
  unsigned flags          0
  _PFunc   main           0x81F7    (main)
  unsigned nofZeroOut     2
  _Range   pZeroOut       0x60     45
                          0x1DC     100
  _Copy    *toCopyDownBeg 0xB984
} _startupData;

*********************************************************************************************
SECTION-ALLOCATION SECTION
Section Name                    Size  Type     From       To       Segment
---------------------------------------------------------------------------------------------
.data                              1   R/W       0x60       0x60   RAM
.text                          13801     R     0x80CC     0xB6B4   ROM
.rodata                          620     R     0xB6B5     0xB920   ROM
.rodata1                          99     R     0xB921     0xB983   ROM
HEAP_SEGMENT                     100   R/W      0x1DC      0x23F   HEAP
.abs_section_3e                    1   N/I       0x3E       0x3E   .absSeg0
.abs_section_3d                    1   N/I       0x3D       0x3D   .absSeg1
.abs_section_3c                    1   N/I       0x3C       0x3C   .absSeg2
.abs_section_fe09                  1   N/I     0xFE09     0xFE09   .absSeg3
.abs_section_fe0d                  1   N/I     0xFE0D     0xFE0D   .absSeg4
.abs_section_fe0b                  1   N/I     0xFE0B     0xFE0B   .absSeg5
.abs_section_1f                    1   N/I       0x1F       0x1F   .absSeg6
.abs_section_1e                    1   N/I       0x1E       0x1E   .absSeg7
.abs_section_ffff                  1   N/I     0xFFFF     0xFFFF   .absSeg8
.abs_section_4                     1   N/I        0x4        0x4   .absSeg9
.abs_section_5                     1   N/I        0x5        0x5   .absSeg10
.abs_section_6                     1   N/I        0x6        0x6   .absSeg11
.abs_section_7                     1   N/I        0x7        0x7   .absSeg12
.abs_section_c                     1   N/I        0xC        0xC   .absSeg13
.abs_section_ff7e                  1   N/I     0xFF7E     0xFF7E   .absSeg14
.abs_section_fe08                  1   N/I     0xFE08     0xFE08   .absSeg15
.abs_section_fe04                  1   N/I     0xFE04     0xFE04   .absSeg16
.abs_section_fe05                  1   N/I     0xFE05     0xFE05   .absSeg17
.abs_section_fe06                  1   N/I     0xFE06     0xFE06   .absSeg18
.abs_section_1b                    1   N/I       0x1B       0x1B   .absSeg19
.abs_section_1a                    1   N/I       0x1A       0x1A   .absSeg20
.abs_section_1d                    1   N/I       0x1D       0x1D   .absSeg21
.abs_section_fe0c                  2   N/I     0xFE0C     0xFE0D   .absSeg73
.abs_section_37                    1   N/I       0x37       0x37   .absSeg23
.abs_section_36                    1   N/I       0x36       0x36   .absSeg24
.abs_section_3b                    1   N/I       0x3B       0x3B   .absSeg25
.abs_section_3a                    1   N/I       0x3A       0x3A   .absSeg26
.abs_section_38                    2   N/I       0x38       0x39   .absSeg74
.abs_section_39                    1   N/I       0x39       0x39   .absSeg28
.abs_section_0                     1   N/I        0x0        0x0   .absSeg29
.abs_section_d                     1   N/I        0xD        0xD   .absSeg30
.abs_section_1                     1   N/I        0x1        0x1   .absSeg31
.abs_section_2                     1   N/I        0x2        0x2   .absSeg32
.abs_section_e                     1   N/I        0xE        0xE   .absSeg33
.abs_section_3                     1   N/I        0x3        0x3   .absSeg34
.abs_section_f                     1   N/I        0xF        0xF   .absSeg35
.abs_section_8                     1   N/I        0x8        0x8   .absSeg36
.abs_section_fe03                  1   N/I     0xFE03     0xFE03   .absSeg37
.abs_section_fe00                  1   N/I     0xFE00     0xFE00   .absSeg38
.abs_section_19                    1   N/I       0x19       0x19   .absSeg39
.abs_section_13                    1   N/I       0x13       0x13   .absSeg40
.abs_section_14                    1   N/I       0x14       0x14   .absSeg41
.abs_section_15                    1   N/I       0x15       0x15   .absSeg42
.abs_section_18                    1   N/I       0x18       0x18   .absSeg43
.abs_section_16                    1   N/I       0x16       0x16   .absSeg44
.abs_section_17                    1   N/I       0x17       0x17   .absSeg45
.abs_section_10                    1   N/I       0x10       0x10   .absSeg46
.abs_section_12                    1   N/I       0x12       0x12   .absSeg47
.abs_section_11                    1   N/I       0x11       0x11   .absSeg48
.abs_section_fe01                  1   N/I     0xFE01     0xFE01   .absSeg49
.abs_section_21                    2   N/I       0x21       0x22   .absSeg75
.abs_section_22                    1   N/I       0x22       0x22   .absSeg51
.abs_section_26                    2   N/I       0x26       0x27   .absSeg76
.abs_section_27                    1   N/I       0x27       0x27   .absSeg53
.abs_section_29                    2   N/I       0x29       0x2A   .absSeg77
.abs_section_2a                    1   N/I       0x2A       0x2A   .absSeg55
.abs_section_23                    2   N/I       0x23       0x24   .absSeg78
.abs_section_24                    1   N/I       0x24       0x24   .absSeg57
.abs_section_20                    1   N/I       0x20       0x20   .absSeg58
.abs_section_25                    1   N/I       0x25       0x25   .absSeg59
.abs_section_28                    1   N/I       0x28       0x28   .absSeg60
.abs_section_2c                    2   N/I       0x2C       0x2D   .absSeg79
.abs_section_2d                    1   N/I       0x2D       0x2D   .absSeg62
.abs_section_31                    2   N/I       0x31       0x32   .absSeg80
.abs_section_32                    1   N/I       0x32       0x32   .absSeg64
.abs_section_34                    2   N/I       0x34       0x35   .absSeg81
.abs_section_35                    1   N/I       0x35       0x35   .absSeg66
.abs_section_2e                    2   N/I       0x2E       0x2F   .absSeg82
.abs_section_2f                    1   N/I       0x2F       0x2F   .absSeg68
.abs_section_2b                    1   N/I       0x2B       0x2B   .absSeg69
.abs_section_30                    1   N/I       0x30       0x30   .absSeg70
.abs_section_33                    1   N/I       0x33       0x33   .absSeg71
.abs_section_1c                    1   N/I       0x1C       0x1C   .absSeg72
.abs_section_ffdc                 36     R     0xFFDC     0xFFFF   .absSeg83
.bss                              23   R/W       0x61       0x77   RAM
.startData                        21     R     0x80B7     0x80CB   ROM
.init                            176     R     0x8007     0x80B6   ROM
.fini                              7     R     0x8000     0x8006   ROM
.common                           21   R/W       0x78       0x8C   RAM
.stack                           256   R/W       0x8D      0x18C   RAM
.copy                              7     R     0xB984     0xB98A   ROM


ROM size:     39AF (dec:    14767)
RAM size:      1E4 (dec:      484)

*********************************************************************************************
VECTOR-ALLOCATION SECTION
    Address     InitValue   InitFunction
---------------------------------------------------------------------------------------------

*********************************************************************************************
OBJECT-ALLOCATION SECTION
     Name               Module                 Addr   hSize   dSize     Ref    Section     RLIB
---------------------------------------------------------------------------------------------
MODULE:                 -- Cpu.C.o --
- PROCEDURES:
     Cpu_Interrupt                             80CC       1       1      14   .text       
     Cpu_SWIInterrupt                          80CD       6       6       1   .text       
     __low_level_init                          80D3      3C      60       1   .text       
- VARIABLES:
MODULE:                 -- IO_Map.C.o --
- PROCEDURES:
- VARIABLES:
     _ADCLK                                      3E       1       1       0   .abs_section_3e
     _ADR                                        3D       1       1       0   .abs_section_3d
     _ADSCR                                      3C       1       1       0   .abs_section_3c
     _BRKH                                     FE09       1       1       0   .abs_section_fe09
     _BRKL                                     FE0D       1       1       0   .abs_section_fe0d
     _BRKSCR                                   FE0B       1       1       0   .abs_section_fe0b
     _CONFIG1                                    1F       1       1       1   .abs_section_1f
     _CONFIG2                                    1E       1       1       1   .abs_section_1e
     _COPCTL                                   FFFF       1       1       0   .abs_section_ffff
     _DDRA                                        4       1       1       2   .abs_section_4
     _DDRB                                        5       1       1       4   .abs_section_5
     _DDRC                                        6       1       1       5   .abs_section_6
     _DDRD                                        7       1       1       7   .abs_section_7
     _DDRE                                        C       1       1       1   .abs_section_c
     _FLBPR                                    FF7E       1       1       0   .abs_section_ff7e
     _FLCR1                                    FE08       1       1       0   .abs_section_fe08
     _INT1                                     FE04       1       1       0   .abs_section_fe04
     _INT2                                     FE05       1       1       0   .abs_section_fe05
     _INT3                                     FE06       1       1       0   .abs_section_fe06
     _INTKBIER                                   1B       1       1       0   .abs_section_1b
     _INTKBSCR                                   1A       1       1       0   .abs_section_1a
     _INTSCR                                     1D       1       1       4   .abs_section_1d
     _LVISR                                    FE0C       1       1       0   .abs_section_fe0c
     _PBWC                                       37       1       1       2   .abs_section_37
     _PCTL                                       36       1       1       7   .abs_section_36
     _PMDS                                       3B       1       1       0   .abs_section_3b
     _PMRS                                       3A       1       1       1   .abs_section_3a
     _PMSH                                       38       1       1       0   .abs_section_38
     _PMSL                                       39       1       1       0   .abs_section_39
     _PTA                                         0       1       1       4   .abs_section_0
     _PTAPUE                                      D       1       1       0   .abs_section_d
     _PTB                                         1       1       1       9   .abs_section_1
     _PTC                                         2       1       1      24   .abs_section_2
     _PTCPUE                                      E       1       1       0   .abs_section_e
     _PTD                                         3       1       1       8   .abs_section_3
     _PTDPUE                                      F       1       1       0   .abs_section_f
     _PTE                                         8       1       1       1   .abs_section_8
     _SBFCR                                    FE03       1       1       0   .abs_section_fe03
     _SBSR                                     FE00       1       1       0   .abs_section_fe00
     _SCBR                                       19       1       1       4   .abs_section_19
     _SCC1                                       13       1       1       2   .abs_section_13
     _SCC2                                       14       1       1       2   .abs_section_14
     _SCC3                                       15       1       1       1   .abs_section_15
     _SCDR                                       18       1       1       1   .abs_section_18
     _SCS1                                       16       1       1       1   .abs_section_16
     _SCS2                                       17       1       1       0   .abs_section_17
     _SPCR                                       10       1       1       0   .abs_section_10
     _SPDR                                       12       1       1       0   .abs_section_12
     _SPSCR                                      11       1       1       0   .abs_section_11
     _SRSR                                     FE01       1       1       0   .abs_section_fe01
     _T1CNTH                                     21       1       1       0   .abs_section_21
     _T1CNTL                                     22       1       1       0   .abs_section_22
     _T1CH0H                                     26       1       1       0   .abs_section_26
     _T1CH0L                                     27       1       1       0   .abs_section_27
     _T1CH1H                                     29       1       1       0   .abs_section_29
     _T1CH1L                                     2A       1       1       0   .abs_section_2a
     _T1MODH                                     23       1       1       0   .abs_section_23
     _T1MODL                                     24       1       1       0   .abs_section_24
     _T1SC                                       20       1       1       0   .abs_section_20
     _T1SC0                                      25       1       1       0   .abs_section_25
     _T1SC1                                      28       1       1       0   .abs_section_28
     _T2CNTH                                     2C       1       1       0   .abs_section_2c
     _T2CNTL                                     2D       1       1       0   .abs_section_2d
     _T2CH0H                                     31       1       1       0   .abs_section_31
     _T2CH0L                                     32       1       1       0   .abs_section_32
     _T2CH1H                                     34       1       1       1   .abs_section_34
     _T2CH1L                                     35       1       1       1   .abs_section_35
     _T2MODH                                     2E       1       1       1   .abs_section_2e
     _T2MODL                                     2F       1       1       1   .abs_section_2f
     _T2SC                                       2B       1       1       7   .abs_section_2b
     _T2SC0                                      30       1       1       0   .abs_section_30
     _T2SC1                                      33       1       1       2   .abs_section_33
     _TBCR                                       1C       1       1       0   .abs_section_1c
     _BRK                                      FE0C       2       2       0   .abs_section_fe0c
     _PMS                                        38       2       2       1   .abs_section_38
     _T1CNT                                      21       2       2       0   .abs_section_21
     _T1CH0                                      26       2       2       0   .abs_section_26
     _T1CH1                                      29       2       2       0   .abs_section_29
     _T1MOD                                      23       2       2       0   .abs_section_23
     _T2CNT                                      2C       2       2       0   .abs_section_2c
     _T2CH0                                      31       2       2       0   .abs_section_31
     _T2CH1                                      34       2       2       0   .abs_section_34
     _T2MOD                                      2E       2       2       0   .abs_section_2e
MODULE:                 -- Events.C.o --
- PROCEDURES:
     Cpu_OnSwINT                               810F       1       1       1   .text       
     IRQ_OnInterrupt                           8110       3       3       1   .text       
     TIMER_OnInterrupt                         8113       F      15       1   .text       
- VARIABLES:
     even_timer                                  78       1       1       3   .common     
     even_timeout                                79       4       4       1   .common     
MODULE:                 -- Vectors.c.o --
- PROCEDURES:
- VARIABLES:
     _vect                                     FFDC      24      36       0   .abs_section_ffdc
MODULE:                 -- Start08.c.o --
- PROCEDURES:
     loadByte                                  8007      17      23       5   .init       
     Init                                      801E      75     117       1   .init       
     _Startup                                  8093      1D      29       1   .init       
- VARIABLES:
     _startupData                              80B7       9       9       9   .startData  
- LABELS:
     __SEG_END_SSTACK                           18D       0       0       1               
MODULE:                 -- Terminal.C.o --
- PROCEDURES:
     Terminal_HWEnDi                           8122       7       7       1   .text       
     Terminal_SendChar                         8129       A      10       1   .text       
     Terminal_Init                             8133      1B      27       1   .text       
- VARIABLES:
     SerFlag                                     61       2       2       2   .bss        
MODULE:                 -- IRQ.C.o --
- PROCEDURES:
     IRQ_Interrupt                             814E       6       6       1   .text       
- VARIABLES:
MODULE:                 -- TIMER.C.o --
- PROCEDURES:
     SetCV                                     8154       9       9       1   .text       
     SetPV                                     815D      11      17       1   .text       
     HWEnDi                                    816E       D      13       2   .text       
     TIMER_Enable                              817B       E      14       1   .text       
     TIMER_Init                                8189      15      21       1   .text       
     TIMER_Interrupt                           819E       8       8       1   .text       
- VARIABLES:
     EnUser                                      63       1       1       4   .bss        
MODULE:                 -- delay.c.o --
- PROCEDURES:
     delay_ms                                  81A6      25      37       7   .text       
- VARIABLES:
MODULE:                 -- NEW.CPP.o (cpp.lib) --
- PROCEDURES:
     __nw__FGUi                                81CB      29      41       2   .text       
     __dl__FGPv                                81F4       3       3       2   .text       
- VARIABLES:
MODULE:                 -- vph1.c.o --
- PROCEDURES:
     main                                      81F7       3       3       0   .text       
- VARIABLES:
MODULE:                 -- main.cpp.o --
- PROCEDURES:
     PutString__FPUc                           81FA      2F      47       2   .text       
     desconexion__Fv                           8229      1B      27       4   .text       
     teclado__Fv                               8244      17      23       3   .text       
     maincpp                                   825B     45E    1118      49   .text       
     MainIRQ                                   86B9      4A      74       1   .text       
     __ConstructorInit__                       80B0       7       7       0   .init       
     __DestructorInit__                        8000       7       7       0   .fini       
- VARIABLES:
     FastCTCSSTable                            B6B5      BC     188       4   .rodata     
     RxCTCSSTable                              B771      5E      94      10   .rodata     
     STRING.VPH1.Electronica.Bar.6             B921      22      34       2   .rodata1    
     STRING.Indicativo....d...7                B943      12      18       1   .rodata1    
     STRING.Indicativo....d...8                B955      12      18       1   .rodata1    
     STRING..01d.03d.9                         B967       9       9       1   .rodata1    
     STRING.0003.10                            B970       5       5       2   .rodata1    
     STRING.0003.11                            B975       5       5       2   .rodata1    
     STRING.0004.12                            B97A       5       5       2   .rodata1    
     STRING.0004.13                            B97F       5       5       2   .rodata1    
     AperPuerta                                  7D       1       1      12   .common     
     bSQL                                        7E       1       1       7   .common     
     bZVEI                                       7F       1       1       4   .common     
     FX828                                       80       5       5      32   .common     
MODULE:                 -- CTYPE.C.o (ansi.lib) --
- PROCEDURES:
     isdigit                                   8703       D      13       1   .text       
     isspace                                   8710      15      21       2   .text       
     toupper                                   8725      22      34       3   .text       
- VARIABLES:
MODULE:                 -- EMBEDDED.C.o (ansi.lib) --
- PROCEDURES:
     exit                                      8747       4       4       1   .text       
- VARIABLES:
MODULE:                 -- HEAP.C.o (ansi.lib) --
- PROCEDURES:
     _heapcrash_                               874B      19      25       4   .text       
- VARIABLES:
     _heap_                                     1DC      64     100       4   HEAP_SEGMENT
MODULE:                 -- MATH08D.C.o (ansi.lib) --
- PROCEDURES:
     frexp                                     8764      64     100       1   .text       
- VARIABLES:
MODULE:                 -- PRINTF.C.o (ansi.lib) --
- PROCEDURES:
     Ten                                       87C8     143     323      11   .text       
     vprintf                                   890B     D71    3441     135   .text       
     _out                                      967C      12      18      16   .text       
     deposit_char                              968E      15      21       2   .text       
     sprintf                                   96A3      52      82       3   .text       
- VARIABLES:
     pow10                                     B7CF      28      40       4   .rodata     
     pow16                                     B7F7      20      32       4   .rodata     
     pow8                                      B817      2C      44       4   .rodata     
     fpow10                                    B843      60      96       2   .rodata     
     fpow_10                                   B8A3      60      96       2   .rodata     
     pbuf                                        85       6       6      21   .common     
MODULE:                 -- RTSHC08.C.o (ansi.lib) --
- PROCEDURES:
     _PUSH_ARGS_L                              96F5      2D      45       3   .text       
     _PUSH_ARGS_D                              9722      3D      61       2   .text       
     _ENTER_UNARY_L                            975F      2D      45       3   .text       
     _ENTER_UNARY_L64                          978C      41      65       2   .text       
     _ENTER_UNARY_L64_4                        97CD      2D      45       1   .text       
     _ENTER_BINARY_L                           97FA      1E      30       5   .text       
     _ENTER_BINARY_L_RC                        9818      21      33       4   .text       
     _ENTER_BINARY_L_LC                        9839      23      35       1   .text       
     _ENTER_BINARY_L64                         985C      1F      31       3   .text       
     _ENTER_BINARY_L64_RC                      987B      1B      27       3   .text       
     _IDIVMOD                                  9896      69     105       2   .text       
     _SPLITSIGN                                98FF      1C      28       2   .text       
     _LADD_k_is_k_plus_j                       991B      1F      31       1   .text       
     _k_is_k_plus_j_l                          993A      1E      30       2   .text       
     _k_is_k_plus_j_i                          9958      12      18       3   .text       
     _LSUB_k_is_k_minus_j                      996A      1F      31       2   .text       
     _LMUL_k_is_k_mul_j                        9989      81     129       1   .text       
     _LDIVMOD                                  9A0A      CA     202       3   .text       
     _NEG_L_HX                                 9AD4      13      19       2   .text       
     _LMODU_k_is_k_mod_j                       9AE7       B      11       1   .text       
     _LDIVU_k_is_k_div_j                       9AF2      1C      28       2   .text       
     _LCMP_k_rel_j                             9B0E      28      40       1   .text       
     _IMUL                                     9B36      2A      42       7   .text       
     _IDIVS                                    9B60      1E      30       4   .text       
     _IDIVU                                    9B7E      10      16       1   .text       
     _IMODS                                    9B8E      2A      42       2   .text       
     _ICMP                                     9BB8      16      22       1   .text       
     _LDEC                                     9BCE      1C      28       1   .text       
     _LNEG                                     9BEA      1C      28       2   .text       
     _LADD                                     9C06       6       6       1   .text       
     _LSUB                                     9C0C       6       6       3   .text       
     _LSUB_LC                                  9C12       6       6       1   .text       
     _LMUL                                     9C18       6       6       1   .text       
     _LDIVU                                    9C1E       6       6       1   .text       
     _LDIVU_RC                                 9C24       6       6       1   .text       
     _LMODU_RC                                 9C2A       6       6       1   .text       
     _LCMP                                     9C30       6       6       8   .text       
     _COPY                                     9C36      30      48      13   .text       
     _POP32                                    9C66      1A      26      15   .text       
     _POP64                                    9C80      2E      46      11   .text       
     _SEXT16_32                                9CAE       D      13       5   .text       
     _Jump_Table_Addr                          9CBB      16      22       2   .text       
     _Jump_Table_Offset                        9CD1      19      25       1   .text       
     _Jump_Table_Header_Offset                 9CEA      24      36       1   .text       
     _Search_Table_8_Addr                      9D0E      1E      30       1   .text       
     _Search_Table_8_Offset                    9D2C      22      34       1   .text       
     F_CLRK                                    9D4E       6       6       2   .text       
     F_NANK                                    9D54       6       6       1   .text       
     F_MAXK                                    9D5A       6       6       1   .text       
     F_TLK                                     9D60      20      32       1   .text       
     _UNPACK_k_to_K                            9D80      52      82       2   .text       
     _UNPACK_k_to_K_Unary                      9DD2      52      82       1   .text       
     _UNPACK_j_to_L                            9E24      52      82       2   .text       
     _PACK_K_to_k                              9E76      51      81       2   .text       
     F_NORMK                                   9EC7      43      67       2   .text       
     _FMUL_K_is_K_times_L                      9F0A      8A     138       1   .text       
     _FDIV_K_is_K_div_L                        9F94      91     145       1   .text       
     _F_LONGK                                  A025      5A      90       1   .text       
     _FMUL_Common                              A07F       C      12       1   .text       
     _FDIV_Common                              A08B       C      12       1   .text       
     _FMUL_RC                                  A097       7       7       2   .text       
     _FDIV_LC                                  A09E       7       7       2   .text       
     _FSTRUNC                                  A0A5       B      11       2   .text       
     D_TLK                                     A0B0      20      32       2   .text       
     D_TKRes                                   A0D0      12      18       1   .text       
     D_XGKL                                    A0E2      35      53       1   .text       
     D_CLRK                                    A117       6       6       2   .text       
     D_CLRK_Unary                              A11D       6       6       1   .text       
     D_MAXK                                    A123       6       6       1   .text       
     _DUNPACK_k_to_K                           A129      87     135       3   .text       
     _DUNPACK_k_to_K_Unary                     A1B0      87     135       1   .text       
     _DUNPACK_j_to_L                           A237      87     135       3   .text       
     _DPACK_K_to_k                             A2BE      77     119       3   .text       
     _DPACK_K_to_k_Unary                       A335      73     115       1   .text       
     D_NORMK                                   A3A8      6C     108       3   .text       
     _DADD_K_is_K_plus_L                       A414      D6     214       2   .text       
     _DMUL_K_is_K_times_L                      A4EA      9A     154       1   .text       
     _DCMP_k_rel_j                             A584      2C      44       1   .text       
     _D_FLOATK                                 A5B0      49      73       1   .text       
     _D_LONGK                                  A5F9      61      97       1   .text       
     _DADD_Common                              A65A       C      12       2   .text       
     _DSUB_Common                              A666      25      37       1   .text       
     _DMUL_Common                              A68B       C      12       2   .text       
     _DADD                                     A697       7       7       2   .text       
     _DADD_RC                                  A69E       7       7       1   .text       
     _DSUB                                     A6A5       7       7       2   .text       
     _DMUL                                     A6AC       7       7       7   .text       
     _DMUL_RC                                  A6B3       7       7       6   .text       
     _DCMP_RC                                  A6BA       6       6       2   .text       
     _DNEG                                     A6C0      20      32       1   .text       
     _DUFLOAT                                  A6E0       B      11       2   .text       
     _DSTRUNC                                  A6EB       B      11       6   .text       
- VARIABLES:
     errno                                       8B       2       2       4   .common     
MODULE:                 -- STDLIB.C.o (ansi.lib) --
- PROCEDURES:
     CheckCharWithBase                         A6F6      5F      95       2   .text       
     _strtoul                                  A755     21C     540      20   .text       
     _strtol                                   A971     16B     363       7   .text       
     strtol                                    AADC      2F      47       1   .text       
     abs                                       AB0B      1A      26       1   .text       
- VARIABLES:
MODULE:                 -- ALLOC.C.o (ansi.lib) --
- PROCEDURES:
     malloc                                    AB25     1BF     447       9   .text       
     free                                      ACE4     22F     559       6   .text       
- VARIABLES:
     heap_end                                    64       2       2       6   .bss        
     free_ptr                                    66       2       2      16   .bss        
MODULE:                 -- FX828.cpp.o --
- PROCEDURES:
     __ct__6CFX828Fv                           AF13       3       3       1   .text       
     __dt__6CFX828Fv                           AF16      3A      58       1   .text       
     PutToneTable__6CFX828FUci                 AF50      2F      47       5   .text       
     SetDecoderBandwidth__6CFX828FUc           AF7F      1E      30       1   .text       
     EnableToneDecoder__6CFX828FUcT1           AF9D      72     114       1   .text       
     Mod1Enable__6CFX828FUcT1                  B00F      34      52       2   .text       
     Mod2Enable__6CFX828FUcT1                  B043      31      49       2   .text       
     EnableBPF__6CFX828FUc                     B074      3A      58       2   .text       
     Init__6CFX828Fv                           B0AE      EB     235       2   .text       
     CTCSS_tx_enable__6CFX828FUc               B199      25      37       3   .text       
     ProgramFastCTCSS__6CFX828Ff               B1BE      49      73       1   .text       
     TxZVEI__6CFX828FCUc                       B207      7C     124       2   .text       
     TxZVEI__6CFX828FPCUc                      B283      73     115       6   .text       
     ZVEI_tx_enable__6CFX828FUc                B2F6      25      37       3   .text       
     ProgramZVEI__6CFX828Ff                    B31B      49      73       1   .text       
     GetTone__6CFX828Fv                        B364      28      40       1   .text       
     IRQService__6CFX828Fv                     B38C     11B     283       4   .text       
     SendChar__6CFX828FUc                      B4A7      40      64       7   .text       
     SendCommand16__6CFX828FUcUi               B4E7      3E      62       7   .text       
     SendCommand8__6CFX828FUcT1                B525      33      51      13   .text       
     ReadCommand__6CFX828FUc                   B558      2D      45       3   .text       
     ReadChar__6CFX828Fv                       B585      37      55       1   .text       
     DataOut_PutVal__6CFX828FUc                B5BC       D      13       1   .text       
     Clock_PutVal__6CFX828FUc                  B5C9       D      13       8   .text       
- VARIABLES:
     ZVEI                                      B903      1E      30       2   .rodata     
     toneRx.8                                    60       1       1       4   .data       
     toneTx.6                                    68       1       1       2   .bss        
     tono.7                                      69       1       1       4   .bss        
     signalling_setup                            6A       1       1       7   .bss        
     selcall_subaudio_status                     6B       1       1       3   .bss        
     signalling_control                          6C       1       1      15   .bss        
     irq_mask                                    6D       1       1      11   .bss        
     audio_control                               6E       2       2      15   .bss        
     general_control                             70       1       1      10   .bss        
     ctcss_tx_fast_rx_freq                       71       2       2       9   .bss        
     rx_tone_program                             73       2       2       2   .bss        
     selcall_tx                                  75       2       2       9   .bss        
     irq_flag                                    77       1       1       3   .bss        
MODULE:                 -- buffer.cpp.o --
- PROCEDURES:
     __ct__7CBufferFi                          B5D6      13      19       2   .text       
     __dt__7CBufferFv                          B5E9       C      12       1   .text       
     Init__7CBufferFi                          B5F5      1E      30       1   .text       
     kbhit__7CBufferFv                         B613      14      20       3   .text       
     GetLen__7CBufferFv                        B627      11      17       2   .text       
     put__7CBufferFUc                          B638      4B      75       3   .text       
     get__7CBufferFv                           B683      32      50       2   .text       
- VARIABLES:

*********************************************************************************************
SECTION USE IN OBJECT-ALLOCATION SECTION
---------------------------------------------------------------------------------------------
SECTION: ".text"
  Cpu_Interrupt Cpu_SWIInterrupt __low_level_init Cpu_OnSwINT IRQ_OnInterrupt 
  TIMER_OnInterrupt Terminal_HWEnDi Terminal_SendChar Terminal_Init 
  IRQ_Interrupt SetCV SetPV HWEnDi TIMER_Enable TIMER_Init TIMER_Interrupt 
  delay_ms __nw__FGUi __dl__FGPv main PutString__FPUc desconexion__Fv 
  teclado__Fv maincpp MainIRQ isdigit isspace toupper exit _heapcrash_ frexp 
  Ten vprintf _out deposit_char sprintf _PUSH_ARGS_L _PUSH_ARGS_D 
  _ENTER_UNARY_L _ENTER_UNARY_L64 _ENTER_UNARY_L64_4 _ENTER_BINARY_L 
  _ENTER_BINARY_L_RC _ENTER_BINARY_L_LC _ENTER_BINARY_L64 _ENTER_BINARY_L64_RC 
  _IDIVMOD _SPLITSIGN _LADD_k_is_k_plus_j _k_is_k_plus_j_l _k_is_k_plus_j_i 
  _LSUB_k_is_k_minus_j _LMUL_k_is_k_mul_j _LDIVMOD _NEG_L_HX 
  _LMODU_k_is_k_mod_j _LDIVU_k_is_k_div_j _LCMP_k_rel_j _IMUL _IDIVS _IDIVU 
  _IMODS _ICMP _LDEC _LNEG _LADD _LSUB _LSUB_LC _LMUL _LDIVU _LDIVU_RC 
  _LMODU_RC _LCMP _COPY _POP32 _POP64 _SEXT16_32 _Jump_Table_Addr 
  _Jump_Table_Offset _Jump_Table_Header_Offset _Search_Table_8_Addr 
  _Search_Table_8_Offset F_CLRK F_NANK F_MAXK F_TLK _UNPACK_k_to_K 
  _UNPACK_k_to_K_Unary _UNPACK_j_to_L _PACK_K_to_k F_NORMK _FMUL_K_is_K_times_L 
  _FDIV_K_is_K_div_L _F_LONGK _FMUL_Common _FDIV_Common _FMUL_RC _FDIV_LC 
  _FSTRUNC D_TLK D_TKRes D_XGKL D_CLRK D_CLRK_Unary D_MAXK _DUNPACK_k_to_K 
  _DUNPACK_k_to_K_Unary _DUNPACK_j_to_L _DPACK_K_to_k _DPACK_K_to_k_Unary 
  D_NORMK _DADD_K_is_K_plus_L _DMUL_K_is_K_times_L _DCMP_k_rel_j _D_FLOATK 
  _D_LONGK _DADD_Common _DSUB_Common _DMUL_Common _DADD _DADD_RC _DSUB _DMUL 
  _DMUL_RC _DCMP_RC _DNEG _DUFLOAT _DSTRUNC CheckCharWithBase _strtoul _strtol 
  strtol abs malloc free __ct__6CFX828Fv __dt__6CFX828Fv 
  PutToneTable__6CFX828FUci SetDecoderBandwidth__6CFX828FUc 
  EnableToneDecoder__6CFX828FUcT1 Mod1Enable__6CFX828FUcT1 
  Mod2Enable__6CFX828FUcT1 EnableBPF__6CFX828FUc Init__6CFX828Fv 
  CTCSS_tx_enable__6CFX828FUc ProgramFastCTCSS__6CFX828Ff TxZVEI__6CFX828FCUc 
  TxZVEI__6CFX828FPCUc ZVEI_tx_enable__6CFX828FUc ProgramZVEI__6CFX828Ff 
  GetTone__6CFX828Fv IRQService__6CFX828Fv SendChar__6CFX828FUc 
  SendCommand16__6CFX828FUcUi SendCommand8__6CFX828FUcT1 
  ReadCommand__6CFX828FUc ReadChar__6CFX828Fv DataOut_PutVal__6CFX828FUc 
  Clock_PutVal__6CFX828FUc __ct__7CBufferFi __dt__7CBufferFv Init__7CBufferFi 
  kbhit__7CBufferFv GetLen__7CBufferFv put__7CBufferFUc get__7CBufferFv 
SECTION: ".data"
  toneRx.8 
SECTION: ".bss"
  SerFlag EnUser heap_end free_ptr toneTx.6 tono.7 signalling_setup 
  selcall_subaudio_status signalling_control irq_mask audio_control 
  general_control ctcss_tx_fast_rx_freq rx_tone_program selcall_tx irq_flag 
SECTION: ".init"
  loadByte Init _Startup __ConstructorInit__ 
SECTION: ".fini"
  __DestructorInit__ 
SECTION: ".rodata"
  FastCTCSSTable RxCTCSSTable pow10 pow16 pow8 fpow10 fpow_10 ZVEI 
SECTION: ".rodata1"
  STRING.VPH1.Electronica.Bar.6 STRING.Indicativo....d...7 
  STRING.Indicativo....d...8 STRING..01d.03d.9 STRING.0003.10 STRING.0003.11 
  STRING.0004.12 STRING.0004.13 
SECTION: "HEAP_SEGMENT"
  _heap_ 
SECTION: ".common"
  even_timer even_timeout AperPuerta bSQL bZVEI FX828 pbuf errno 
SECTION: ".abs_section_3e"
  _ADCLK 
SECTION: ".abs_section_3d"
  _ADR 
SECTION: ".abs_section_3c"
  _ADSCR 
SECTION: ".abs_section_fe09"
  _BRKH 
SECTION: ".abs_section_fe0d"
  _BRKL 
SECTION: ".abs_section_fe0b"
  _BRKSCR 
SECTION: ".abs_section_1f"
  _CONFIG1 
SECTION: ".abs_section_1e"
  _CONFIG2 
SECTION: ".abs_section_ffff"
  _COPCTL 
SECTION: ".abs_section_4"
  _DDRA 
SECTION: ".abs_section_5"
  _DDRB 
SECTION: ".abs_section_6"
  _DDRC 
SECTION: ".abs_section_7"
  _DDRD 
SECTION: ".abs_section_c"
  _DDRE 
SECTION: ".abs_section_ff7e"
  _FLBPR 
SECTION: ".abs_section_fe08"
  _FLCR1 
SECTION: ".abs_section_fe04"
  _INT1 
SECTION: ".abs_section_fe05"
  _INT2 
SECTION: ".abs_section_fe06"
  _INT3 
SECTION: ".abs_section_1b"
  _INTKBIER 
SECTION: ".abs_section_1a"
  _INTKBSCR 
SECTION: ".abs_section_1d"
  _INTSCR 
SECTION: ".abs_section_fe0c"
  _BRK _LVISR 
SECTION: ".abs_section_37"
  _PBWC 
SECTION: ".abs_section_36"
  _PCTL 
SECTION: ".abs_section_3b"
  _PMDS 
SECTION: ".abs_section_3a"
  _PMRS 
SECTION: ".abs_section_38"
  _PMS _PMSH 
SECTION: ".abs_section_39"
  _PMSL 
SECTION: ".abs_section_0"
  _PTA 
SECTION: ".abs_section_d"
  _PTAPUE 
SECTION: ".abs_section_1"
  _PTB 
SECTION: ".abs_section_2"
  _PTC 
SECTION: ".abs_section_e"
  _PTCPUE 
SECTION: ".abs_section_3"
  _PTD 
SECTION: ".abs_section_f"
  _PTDPUE 
SECTION: ".abs_section_8"
  _PTE 
SECTION: ".abs_section_fe03"
  _SBFCR 
SECTION: ".abs_section_fe00"
  _SBSR 
SECTION: ".abs_section_19"
  _SCBR 
SECTION: ".abs_section_13"
  _SCC1 
SECTION: ".abs_section_14"
  _SCC2 
SECTION: ".abs_section_15"
  _SCC3 
SECTION: ".abs_section_18"
  _SCDR 
SECTION: ".abs_section_16"
  _SCS1 
SECTION: ".abs_section_17"
  _SCS2 
SECTION: ".abs_section_10"
  _SPCR 
SECTION: ".abs_section_12"
  _SPDR 
SECTION: ".abs_section_11"
  _SPSCR 
SECTION: ".abs_section_fe01"
  _SRSR 
SECTION: ".abs_section_21"
  _T1CNT _T1CNTH 
SECTION: ".abs_section_22"
  _T1CNTL 
SECTION: ".abs_section_26"
  _T1CH0 _T1CH0H 
SECTION: ".abs_section_27"
  _T1CH0L 
SECTION: ".abs_section_29"
  _T1CH1 _T1CH1H 
SECTION: ".abs_section_2a"
  _T1CH1L 
SECTION: ".abs_section_23"
  _T1MOD _T1MODH 
SECTION: ".abs_section_24"
  _T1MODL 
SECTION: ".abs_section_20"
  _T1SC 
SECTION: ".abs_section_25"
  _T1SC0 
SECTION: ".abs_section_28"
  _T1SC1 
SECTION: ".abs_section_2c"
  _T2CNT _T2CNTH 
SECTION: ".abs_section_2d"
  _T2CNTL 
SECTION: ".abs_section_31"
  _T2CH0 _T2CH0H 
SECTION: ".abs_section_32"
  _T2CH0L 
SECTION: ".abs_section_34"
  _T2CH1 _T2CH1H 
SECTION: ".abs_section_35"
  _T2CH1L 
SECTION: ".abs_section_2e"
  _T2MOD _T2MODH 
SECTION: ".abs_section_2f"
  _T2MODL 
SECTION: ".abs_section_2b"
  _T2SC 
SECTION: ".abs_section_30"
  _T2SC0 
SECTION: ".abs_section_33"
  _T2SC1 
SECTION: ".abs_section_1c"
  _TBCR 
SECTION: ".abs_section_ffdc"
  _vect 

*********************************************************************************************
UNUSED-OBJECTS SECTION
---------------------------------------------------------------------------------------------
NOT USED PROCEDURES
Cpu.C.o:
  Cpu_GetSpeedMode 
Events.C.o:
  SPI_OnRxChar SPI_OnTxChar SPI_OnError 
Terminal.C.o:
  Terminal_GetCharsInTxBuf 
TIMER.C.o:
  TIMER_Disable 
NEW.CPP.o (cpp.lib):
  abs__Fl __ct__7InitiosFv.1 __sf_ios_sync_with_stdio__Fv.3 
  rdbuf__3iosFP9streambuf.6 rdbuf__3iosFv.35 exceptions__3iosFi.34 
  exceptions__3iosFv.33 __nt__3iosFv.32 __opPv__3iosFv.31 rdstate__3iosFv.30 
  bad__3iosFv.29 fail__3iosFv.28 eof__3iosFv.27 good__3iosFv.26 
  setstate__3iosFi.25 set__3iosFi.24 clear__3iosFi.4 _throw_failure__3iosFv.23 
  width__3iosFi.22 width__3iosFv.21 unsetf__3iosFUl.20 setf__3iosFUlT1.19 
  setf__3iosFUl.18 precision__3iosFi.17 precision__3iosFv.16 flags__3iosFUl.15 
  flags__3iosFv.14 fill__3iosFs.13 fill__3iosFv.12 tie__3iosFP7ostream.11 
  tie__3iosFv.10 saving__12streammarkerFv.38 set_offset__12streammarkerFi.39 
  stossc__9streambufFv.41 snextc__9streambufFv.99 sgetc__9streambufFv.98 
  sbumpc__9streambufFv.97 sputc__9streambufFi.96 sgetn__9streambufFPUcl.95 
  padn__9streambufFUcl.94 sputn__9streambufFPCUcl.93 
  out_waiting__9streambufFv.92 in_avail__9streambufFv.91 
  allocbuf__9streambufFv.90 allocate__9streambufFv.89 
  linebuffered__9streambufFi.88 unbuffered__9streambufFi.87 
  linebuffered__9streambufFv.86 unbuffered__9streambufFv.85 
  pubseekpos__9streambufFli.80 pubseekoff__9streambufFl8seek_diri.78 
  put_mode__9streambufFv.74 have_markers__9streambufFv.73 
  have_backup__9streambufFv.72 eNptr__9streambufFv.71 Nbase__9streambufFv.70 
  eBptr__9streambufFv.69 Bptr__9streambufFv.68 Bbase__9streambufFv.67 
  eGptr__9streambufFv.66 Gbase__9streambufFv.65 in_backup__9streambufFv.64 
  shortbuf__9streambufFv.63 setg__9streambufFPUcPUcPUc.62 
  setp__9streambufFPUcPUc.61 pbump__9streambufFi.59 gbump__9streambufFi.58 
  xsetflags__9streambufFiT1.57 xsetflags__9streambufFi.56 
  xflags__9streambufFi.55 xflags__9streambufFv.54 xput_char__9streambufFUc.53 
  blen__9streambufFv.52 ebuf__9streambufFv.51 base__9streambufFv.50 
  eback__9streambufFv.49 pbase__9streambufFv.48 epptr__9streambufFv.47 
  egptr__9streambufFv.46 pptr__9streambufFv.45 gptr__9streambufFv.44 
  xchain__9streambufFv.43 _vtable__9streambufFv.42 file_ptr__7filebufFv.101 
  cur_ptr__7filebufFv.108 is_reading__7filebufFv.107 fd__7filebufFv.105 
  is_open__7filebufFv.104 init__3iosFP9streambufP7ostream.36 
  __ct__3iosFP9streambufP7ostream.7 __dt__3iosFv.2 
  __ls__7ostreamFPFR3ios_R3ios.110 __ls__7ostreamFPFR7ostream_R7ostream.117 
  __ls__7ostreamFUc.116 put__7ostreamFUc.115 osfx__7ostreamFv.114 
  opfx__7ostreamFv.113 __ct__7ostreamFUcP11_ios_fields.111 
  __ct__7ostreamFUc.109 __rs__7istreamFPFR7istream_R7istream.119 
  __rs__7istreamFPFR3ios_R3ios.142 scan__7istreamFPCUce.141 
  unget__7istreamFv.140 putback__7istreamFUc.139 gcount__7istreamFv.136 
  get__7istreamFv.135 isfx__7istreamFv.134 ipfx1__7istreamFv.133 
  ipfx0__7istreamFv.132 ipfx__7istreamFi.130 getline__7istreamFPUciUc.126 
  get__7istreamFPUciUc.123 __ct__7istreamFUcP11_ios_fields.120 
  __ct__7istreamFUc.118 __ct__8iostreamFv.143 __as__5RegexFRC5Regex.145 
  __ct__5RegexFRC5Regex.146 length__6StringFv.154 empty__6StringFv.251 
  chars__6StringFv.250 allocation__6StringFv.252 length__9SubStringFv.267 
  empty__9SubStringFv.268 chars__9SubStringFv.269 __ct__6StringFv.153 
  __ct__6StringFRC6String.155 __ct__6StringFPCUc.157 __ct__6StringFPCUci.158 
  __ct__6StringFRC9SubString.156 __ct__6StringFUc.159 __dt__6StringFv.160 
  __ct__9SubStringFRC9SubString.254 __ct__9SubStringFR6StringiT2.253 
  __dt__9SubStringFv.255 __as__6StringFRC6String.164 __as__6StringFPCUc.165 
  __as__6StringFRC9SubString.167 __as__6StringFUc.166 __as__9SubStringFPCUc.259 
  __as__9SubStringFUc.260 __as__9SubStringFRC6String.257 
  __as__9SubStringFRC9SubString.258 cat__FRC6StringRC6StringR6String 
  cat__FRC6StringRC9SubStringR6String cat__FRC6StringPCUcR6String 
  cat__FRC6StringUcR6String cat__FRC9SubStringRC6StringR6String 
  cat__FRC9SubStringRC9SubStringR6String cat__FRC9SubStringPCUcR6String 
  cat__FRC9SubStringUcR6String cat__FPCUcRC6StringR6String 
  cat__FPCUcRC9SubStringR6String cat__FPCUcPCUcR6String cat__FPCUcUcR6String 
  cat__FRC6StringRC6StringRC6StringR6String 
  cat__FRC6StringRC6StringRC9SubStringR6String 
  cat__FRC6StringRC6StringPCUcR6String cat__FRC6StringRC6StringUcR6String 
  cat__FRC6StringRC9SubStringRC6StringR6String 
  cat__FRC6StringRC9SubStringRC9SubStringR6String 
  cat__FRC6StringRC9SubStringPCUcR6String cat__FRC6StringRC9SubStringUcR6String 
  cat__FRC6StringPCUcRC6StringR6String cat__FRC6StringPCUcRC9SubStringR6String 
  cat__FRC6StringPCUcPCUcR6String cat__FRC6StringPCUcUcR6String 
  cat__FPCUcRC6StringRC6StringR6String cat__FPCUcRC6StringRC9SubStringR6String 
  cat__FPCUcRC6StringPCUcR6String cat__FPCUcRC6StringUcR6String 
  cat__FPCUcRC9SubStringRC6StringR6String 
  cat__FPCUcRC9SubStringRC9SubStringR6String cat__FPCUcRC9SubStringPCUcR6String 
  cat__FPCUcRC9SubStringUcR6String cat__FPCUcPCUcRC6StringR6String 
  cat__FPCUcPCUcRC9SubStringR6String cat__FPCUcPCUcPCUcR6String 
  cat__FPCUcPCUcUcR6String __apl__6StringFRC6String.168 
  __apl__6StringFRC9SubString.169 __apl__6StringFPCUc.170 __apl__6StringFUc.171 
  __pl__FGRC6StringRC6String __pl__FGRC6StringRC9SubString 
  __pl__FGRC6StringPCUc __pl__FGRC6StringUc __pl__FGRC9SubStringRC6String 
  __pl__FGRC9SubStringRC9SubString __pl__FGRC9SubStringPCUc 
  __pl__FGRC9SubStringUc __pl__FGPCUcRC6String __pl__FGPCUcRC9SubString 
  reverse__FRC6String upcase__FRC6String downcase__FRC6String 
  capitalize__FRC6String prepend__6StringFRC6String.172 
  prepend__6StringFPCUc.174 prepend__6StringFUc.175 
  prepend__6StringFRC9SubString.173 reverse__6StringFv.241 
  upcase__6StringFv.242 downcase__6StringFv.243 capitalize__6StringFv.244 
  __vc__6StringFi.245 __vc__6StringFi.246 elem__6StringFi.247 
  firstchar__6StringFv.248 lastchar__6StringFv.249 index__6StringFUci.176 
  index__6StringFPCUci.182 index__6StringFRC6Stringi.178 
  index__6StringFRC9SubStringi.180 index__6StringFRC5Regexi.184 
  contains__6StringFUc.186 contains__6StringFPCUc.189 
  contains__6StringFRC6String.187 contains__6StringFRC9SubString.188 
  contains__6StringFUci.191 contains__6StringFPCUci.194 
  contains__6StringFRC6Stringi.192 contains__6StringFRC9SubStringi.193 
  contains__6StringFRC5Regex.190 contains__6StringFRC5Regexi.195 
  matches__6StringFRC9SubStringi.200 matches__6StringFRC6Stringi.198 
  matches__6StringFPCUci.202 matches__6StringFUci.196 
  matches__6StringFRC5Regexi.204 contains__9SubStringFPCUc.264 
  contains__9SubStringFRC6String.262 contains__9SubStringFRC9SubString.263 
  contains__9SubStringFUc.261 contains__9SubStringFRC5Regex.265 
  matches__9SubStringFRC5Regex.266 gsub__6StringFRC6StringRC6String.236 
  gsub__6StringFRC9SubStringRC6String.237 gsub__6StringFRC5RegexRC6String.240 
  gsub__6StringFPCUcRC6String.238 gsub__6StringFPCUcPCUc.239 
  __ls__FGR7ostreamRC6String __eq__FGRC6StringRC6String 
  __ne__FGRC6StringRC6String __gt__FGRC6StringRC6String 
  __ge__FGRC6StringRC6String __lt__FGRC6StringRC6String 
  __le__FGRC6StringRC6String __eq__FGRC6StringRC9SubString 
  __ne__FGRC6StringRC9SubString __gt__FGRC6StringRC9SubString 
  __ge__FGRC6StringRC9SubString __lt__FGRC6StringRC9SubString 
  __le__FGRC6StringRC9SubString __eq__FGRC6StringPCUc __ne__FGRC6StringPCUc 
  __gt__FGRC6StringPCUc __ge__FGRC6StringPCUc __lt__FGRC6StringPCUc 
  __le__FGRC6StringPCUc __eq__FGRC9SubStringRC6String 
  __ne__FGRC9SubStringRC6String __gt__FGRC9SubStringRC6String 
  __ge__FGRC9SubStringRC6String __lt__FGRC9SubStringRC6String 
  __le__FGRC9SubStringRC6String __eq__FGRC9SubStringRC9SubString 
  __ne__FGRC9SubStringRC9SubString __gt__FGRC9SubStringRC9SubString 
  __ge__FGRC9SubStringRC9SubString __lt__FGRC9SubStringRC9SubString 
  __le__FGRC9SubStringRC9SubString __eq__FGRC9SubStringPCUc 
  __ne__FGRC9SubStringPCUc __gt__FGRC9SubStringPCUc __ge__FGRC9SubStringPCUc 
  __lt__FGRC9SubStringPCUc __le__FGRC9SubStringPCUc _substr__6StringFiT1.163 
  __dt__5TraceFv.273 __ct__5TraceFPUc.274 set_new_handler 
  __ct__7Std_ErrFRC7Std_Err __as__7Std_ErrFRC7Std_Err __ct__5TraceFRC5Trace 
  __as__5TraceFRC5Trace 
main.cpp.o:
  SetRepeatTone__6CFX828FUc.2 __ct__7CBufferFRC7CBuffer 
  __as__7CBufferFRC7CBuffer __ct__6CFX828FRC6CFX828 __as__6CFX828FRC6CFX828 
CTYPE.C.o (ansi.lib):
  isalnum isalpha iscntrl isgraph islower isprint ispunct isupper isxdigit 
  tolower 
EMBEDDED.C.o (ansi.lib):
  printf scanf gets puts fopen fflush fclose fprintf fputs fputc fgetc remove 
  clock abort 
MATH08D.C.o (ansi.lib):
  modf ldexp 
PRINTF.C.o (ansi.lib):
  set_printf vsprintf 
RTSHC08.C.o (ansi.lib):
  _ENTER_BINARY_L64_LC _LAND_k_is_k_and_j _LOR_k_is_k_or_j _LXOR_k_is_k_xor_j 
  _ABS_L_HX _SPLITSIGN_L _LMODS_k_is_k_mod_j _LDIVS_k_is_k_div_j _BMULS _BDIVS 
  _BMODS _IMODU _IDIVU_8 _IMODU_8 _IASR _ILSR _ILSL _LINC _LNOT _LADD_RC 
  _LSUB_RC _LAND _LAND_RC _LOR _LOR_RC _LXOR _LXOR_RC _LMUL_RC _LDIVS _LDIVS_LC 
  _LDIVS_RC _LDIVU_LC _LMODS _LMODS_LC _LMODS_RC _LMODU _LMODU_LC _LASR _LLSR 
  _LLSL _LCMP_RC _COPY_L _STORE32 _STORE64 _SEXT8_32 _CALL 
  _Jump_Table_Header_Addr _Search_Table_16_Addr _Search_Table_16_Offset 
  _PUSH_CC _POP_CC F_CLRK_Unary F_MAXK_Unary F_XGKL _PACK_K_to_k_Unary 
  _FADD_K_is_K_plus_L _F_FLOATK _FCMP_k_rel_j _FADD_Common _FSUB_Common _FADD 
  _FADD_RC _FSUB _FSUB_RC _FSUB_LC _FMUL _FDIV _FDIV_RC _FUTRUNC _FNEG _FABS 
  _FCMP _FCMP_RC _FINC _FDEC _FSFLOAT _FUFLOAT D_TLRes D_NANK D_NANK_Unary 
  D_MAXK_Unary D_NORMK_Unary _DDIV_K_is_K_div_L _D_FTODK _D_DTOFK _DDIV_Common 
  _DSUB_RC _DSUB_LC _DDIV _DDIV_LC _DDIV_RC _DCMP _DINC _DDEC _DABS _DSFLOAT 
  _DUTRUNC _DSHORT _DLONG 
STDLIB.C.o (ansi.lib):
  atexit getenv system mblen mbtowc wctomb mbstowcs wcstombs strtoul _strtod 
  strtod _itoa bsearch swap qsort div ldiv labs rand srand 
ALLOC.C.o (ansi.lib):
  calloc realloc 
FX828.cpp.o:
  SetRepeatTone__6CFX828FUc.2 EnableCTCSSDecoder__6CFX828FUcT1 
  CTCSS_Detected__6CFX828Fv IsTxBufferEmpty__6CFX828Fv 
buffer.cpp.o:
  __ct__7CBufferFv __vc__7CBufferFUc 
NOT USED VARIABLES
Cpu.C.o:
  CpuMode CCR_reg 
NEW.CPP.o (cpp.lib):
  STRING.invalid.index.270 STRING.invalid.index.271 STRING.invalid.index.272 
  _nilStrRep ____vtbl__ios ____vtbl__streambuf ____vtbl__filebufstreambuf 
  ____vtbl__ostreamios ____vtbl__istreamios ____vtbl__iostreamistreamios 
  ____vtbl__iostreamostreamios ____vtbl__iostreamios 
  ____vtbl___IO_istream_withassignistreamios 
  ____vtbl___IO_ostream_withassignostreamios __sf_streambuf__list_all 
  __sf_filebuf_openprot _nilString __sf_Std_Err_program_name __sf_Trace_nesting 
main.cpp.o:
  RxZVEI1Table bFlag 
CTYPE.C.o (ansi.lib):
  _ctype 
EMBEDDED.C.o (ansi.lib):
  STRING..1 
RTSHC08.C.o (ansi.lib):
  _PowOfTwo_8 _PowOfTwo_16 _PowOfTwo_32 plus1 minus1 plus1d minus1d 
STDLIB.C.o (ansi.lib):
  infinity seed channels 

*********************************************************************************************
COPYDOWN SECTION
---------------------------------------------------------------------------------------------
------- ROM-ADDRESS: 0xB984 ---- SIZE       4 ---
Filling bytes inserted
 00010060
------- ROM-ADDRESS: 0xB988 ---- RAM-ADDRESS: 0x60 ---- SIZE       1 ---
Name of initialized Object : toneRx.8
 FF
------- ROM-ADDRESS: 0xB989 ---- SIZE       2 ---
Filling bytes inserted
 0000

*********************************************************************************************
OBJECT-DEPENDENCIES SECTION
---------------------------------------------------------------------------------------------
__DestructorInit__        USES FX828 __dt__6CFX828Fv 
Init                      USES _startupData loadByte 
_Startup                  USES _startupData __SEG_END_SSTACK Init 
                                __low_level_init 
__ConstructorInit__       USES FX828 __ct__6CFX828Fv 
Cpu_SWIInterrupt          USES Cpu_OnSwINT 
__low_level_init          USES _CONFIG1 _CONFIG2 _PCTL _PMS _PMRS _PBWC _PTE 
                                _DDRE Terminal_Init _INTSCR TIMER_Init 
IRQ_OnInterrupt           USES MainIRQ 
TIMER_OnInterrupt         USES even_timer even_timeout _LDEC _POP32 
Terminal_HWEnDi           USES _SCC1 _SCC2 
Terminal_SendChar         USES _SCS1 _SCDR 
Terminal_Init             USES SerFlag _SCC1 _SCC3 _SCBR Terminal_HWEnDi 
IRQ_Interrupt             USES IRQ_OnInterrupt 
SetCV                     USES _T2CH1H _T2MODH _T2CH1L _T2MODL 
SetPV                     USES _T2SC 
HWEnDi                    USES EnUser _T2SC 
TIMER_Enable              USES EnUser HWEnDi 
TIMER_Init                USES _T2SC _T2SC1 EnUser SetCV SetPV HWEnDi 
TIMER_Interrupt           USES _T2SC1 TIMER_OnInterrupt 
delay_ms                  USES even_timer 
__nw__FGUi                USES malloc exit 
__dl__FGPv                USES free 
main                      USES maincpp 
PutString__FPUc           USES Terminal_SendChar 
desconexion__Fv           USES _PTC FX828 CTCSS_tx_enable__6CFX828FUc 
                                EnableBPF__6CFX828FUc 
teclado__Fv               USES _PTA delay_ms 
maincpp                   USES _DDRA _DDRB _DDRC _DDRD _PTC _PTB AperPuerta 
                                bSQL bZVEI TIMER_Enable delay_ms 
                                STRING.VPH1.Electronica.Bar.6 PutString__FPUc maincpp 
                                STRING.Indicativo....d...7 sprintf FX828 Init__6CFX828Fv desconexion__Fv 
                                teclado__Fv _PTD RxCTCSSTable PutToneTable__6CFX828FUci 
                                SetDecoderBandwidth__6CFX828FUc EnableToneDecoder__6CFX828FUcT1 FastCTCSSTable 
                                ProgramFastCTCSS__6CFX828Ff STRING.Indicativo....d...8 
                                Mod1Enable__6CFX828FUcT1 Mod2Enable__6CFX828FUcT1 
                                ProgramZVEI__6CFX828Ff ZVEI_tx_enable__6CFX828FUc STRING..01d.03d.9 
                                TxZVEI__6CFX828FPCUc _Jump_Table_Header_Offset 
                                EnableBPF__6CFX828FUc _PTA CTCSS_tx_enable__6CFX828FUc 
                                STRING.0003.10 STRING.0003.11 STRING.0004.12 STRING.0004.13 
                                TxZVEI__6CFX828FCUc 
MainIRQ                   USES FX828 IRQService__6CFX828Fv GetTone__6CFX828Fv 
                                bZVEI _Jump_Table_Offset AperPuerta bSQL 
_heapcrash_               USES _IDIVS 
frexp                     USES _COPY 
Ten                       USES fpow10 fpow_10 Ten _COPY _DMUL _POP64 
vprintf                   USES vprintf _out _Search_Table_8_Offset _IMUL 
                                toupper _Jump_Table_Addr _Search_Table_8_Addr pbuf 
                                _SEXT16_32 _POP32 _LNEG pow8 _LCMP pow16 pow10 _COPY 
                                _LSUB _DNEG _POP64 frexp _IDIVS _DMUL _DMUL_RC _DADD 
                                _DSTRUNC _DUFLOAT _DSUB _DADD_RC _ICMP Ten _IMODS 
                                _LMODU_RC _DCMP_RC _LDIVU_RC 
_out                      USES pbuf 
deposit_char              USES pbuf 
sprintf                   USES pbuf deposit_char vprintf 
_ENTER_BINARY_L           USES _PUSH_ARGS_L 
_ENTER_BINARY_L_RC        USES _PUSH_ARGS_L 
_ENTER_BINARY_L_LC        USES _PUSH_ARGS_L 
_ENTER_BINARY_L64         USES _PUSH_ARGS_D 
_ENTER_BINARY_L64_RC      USES _PUSH_ARGS_D 
_SPLITSIGN                USES _IDIVMOD 
_LMUL_k_is_k_mul_j        USES _k_is_k_plus_j_l _k_is_k_plus_j_i 
_LDIVMOD                  USES _LDIVMOD 
_LMODU_k_is_k_mod_j       USES _LDIVMOD 
_LDIVU_k_is_k_div_j       USES _LDIVMOD 
_IDIVS                    USES _SPLITSIGN 
_IDIVU                    USES _IDIVMOD 
_IMODS                    USES _SPLITSIGN 
_LDEC                     USES _ENTER_UNARY_L 
_LNEG                     USES _ENTER_UNARY_L 
_LADD                     USES _ENTER_BINARY_L _LADD_k_is_k_plus_j 
_LSUB                     USES _ENTER_BINARY_L _LSUB_k_is_k_minus_j 
_LSUB_LC                  USES _ENTER_BINARY_L_LC _LSUB_k_is_k_minus_j 
_LMUL                     USES _ENTER_BINARY_L _LMUL_k_is_k_mul_j 
_LDIVU                    USES _ENTER_BINARY_L _LDIVU_k_is_k_div_j 
_LDIVU_RC                 USES _ENTER_BINARY_L_RC _LDIVU_k_is_k_div_j 
_LMODU_RC                 USES _ENTER_BINARY_L_RC _LMODU_k_is_k_mod_j 
_LCMP                     USES _ENTER_BINARY_L _LCMP_k_rel_j 
F_NORMK                   USES F_CLRK F_MAXK 
_FMUL_K_is_K_times_L      USES F_TLK F_NORMK 
_FDIV_K_is_K_div_L        USES F_NANK F_CLRK F_NORMK 
_F_LONGK                  USES _NEG_L_HX 
_FMUL_Common              USES _UNPACK_k_to_K _UNPACK_j_to_L 
                                _FMUL_K_is_K_times_L _PACK_K_to_k 
_FDIV_Common              USES _UNPACK_k_to_K _UNPACK_j_to_L 
                                _FDIV_K_is_K_div_L _PACK_K_to_k 
_FMUL_RC                  USES _ENTER_BINARY_L_RC _FMUL_Common 
_FDIV_LC                  USES _ENTER_BINARY_L_RC _FDIV_Common 
_FSTRUNC                  USES _ENTER_UNARY_L _UNPACK_k_to_K_Unary _F_LONGK 
_DPACK_K_to_k             USES D_TKRes 
D_NORMK                   USES D_CLRK D_MAXK 
_DADD_K_is_K_plus_L       USES D_TLK D_XGKL D_NORMK 
_DMUL_K_is_K_times_L      USES D_TLK D_NORMK 
_D_FLOATK                 USES D_CLRK_Unary 
_D_LONGK                  USES _NEG_L_HX 
_DADD_Common              USES _DUNPACK_k_to_K _DUNPACK_j_to_L 
                                _DADD_K_is_K_plus_L _DPACK_K_to_k 
_DSUB_Common              USES _DUNPACK_k_to_K _DUNPACK_j_to_L 
                                _DADD_K_is_K_plus_L _DPACK_K_to_k 
_DMUL_Common              USES _DUNPACK_k_to_K _DUNPACK_j_to_L 
                                _DMUL_K_is_K_times_L _DPACK_K_to_k 
_DADD                     USES _ENTER_BINARY_L64 _DADD_Common 
_DADD_RC                  USES _ENTER_BINARY_L64_RC _DADD_Common 
_DSUB                     USES _ENTER_BINARY_L64 _DSUB_Common 
_DMUL                     USES _ENTER_BINARY_L64 _DMUL_Common 
_DMUL_RC                  USES _ENTER_BINARY_L64_RC _DMUL_Common 
_DCMP_RC                  USES _ENTER_BINARY_L64_RC _DCMP_k_rel_j 
_DNEG                     USES _ENTER_UNARY_L64 
_DUFLOAT                  USES _ENTER_UNARY_L64_4 _D_FLOATK 
                                _DPACK_K_to_k_Unary 
_DSTRUNC                  USES _ENTER_UNARY_L64 _DUNPACK_k_to_K_Unary _D_LONGK 
CheckCharWithBase         USES toupper 
_strtoul                  USES _strtoul isspace CheckCharWithBase _SEXT16_32 
                                _LSUB_LC _LDIVU _LCMP _LMUL _LADD _POP32 errno _COPY 
                                toupper 
_strtol                   USES _strtol isspace isdigit _strtoul _COPY errno 
                                _LNEG _POP32 
strtol                    USES _strtol _COPY 
malloc                    USES _IDIVU heap_end _heap_ free_ptr _IMUL malloc 
                                _heapcrash_ 
free                      USES free _heap_ heap_end _heapcrash_ free_ptr _IMUL 
__ct__6CFX828Fv           USES Init__6CFX828Fv 
__dt__6CFX828Fv           USES __dl__FGPv __dt__7CBufferFv 
PutToneTable__6CFX828FUci USES SendCommand16__6CFX828FUcUi 
SetDecoderBandwidth__6CFX828FUc USES signalling_setup 
                                SendCommand8__6CFX828FUcT1 
EnableToneDecoder__6CFX828FUcT1 USES signalling_control 
                                SendCommand8__6CFX828FUcT1 signalling_setup irq_mask 
Mod1Enable__6CFX828FUcT1  USES audio_control SendCommand16__6CFX828FUcUi 
Mod2Enable__6CFX828FUcT1  USES audio_control SendCommand16__6CFX828FUcUi 
EnableBPF__6CFX828FUc     USES general_control SendCommand8__6CFX828FUcT1 
Init__6CFX828Fv           USES __nw__FGUi __ct__7CBufferFi signalling_control 
                                signalling_setup general_control irq_mask ctcss_tx_fast_rx_freq 
                                rx_tone_program audio_control selcall_tx _DDRD _DDRC 
                                Clock_PutVal__6CFX828FUc _PTC SendChar__6CFX828FUc 
                                SendCommand8__6CFX828FUcT1 
CTCSS_tx_enable__6CFX828FUc USES signalling_control SendCommand8__6CFX828FUcT1 
ProgramFastCTCSS__6CFX828Ff USES _FMUL_RC _FDIV_LC _FSTRUNC 
                                ctcss_tx_fast_rx_freq SendCommand16__6CFX828FUcUi 
TxZVEI__6CFX828FCUc       USES GetLen__7CBufferFv put__7CBufferFUc irq_mask 
                                SendCommand8__6CFX828FUcT1 ZVEI_tx_enable__6CFX828FUc 
TxZVEI__6CFX828FPCUc      USES strtol TxZVEI__6CFX828FCUc 
ZVEI_tx_enable__6CFX828FUc USES signalling_control SendCommand8__6CFX828FUcT1 
ProgramZVEI__6CFX828Ff    USES _FMUL_RC _FDIV_LC _FSTRUNC selcall_tx 
                                SendCommand16__6CFX828FUcUi 
GetTone__6CFX828Fv        USES kbhit__7CBufferFv get__7CBufferFv 
IRQService__6CFX828Fv     USES ReadCommand__6CFX828FUc irq_flag 
                                IRQService__6CFX828Fv kbhit__7CBufferFv get__7CBufferFv tono.7 
                                toneTx.6 ZVEI SendCommand16__6CFX828FUcUi 
                                signalling_control SendCommand8__6CFX828FUcT1 irq_mask 
                                selcall_subaudio_status toneRx.8 put__7CBufferFUc 
SendChar__6CFX828FUc      USES DataOut_PutVal__6CFX828FUc 
                                Clock_PutVal__6CFX828FUc 
SendCommand16__6CFX828FUcUi USES Clock_PutVal__6CFX828FUc _PTC 
                                SendChar__6CFX828FUc 
SendCommand8__6CFX828FUcT1 USES Clock_PutVal__6CFX828FUc _PTC 
                                SendChar__6CFX828FUc 
ReadCommand__6CFX828FUc   USES Clock_PutVal__6CFX828FUc _PTC 
                                SendChar__6CFX828FUc ReadChar__6CFX828Fv 
ReadChar__6CFX828Fv       USES Clock_PutVal__6CFX828FUc _PTD 
DataOut_PutVal__6CFX828FUc USES _PTD 
Clock_PutVal__6CFX828FUc  USES _PTD 
__ct__7CBufferFi          USES Init__7CBufferFi 
__dt__7CBufferFv          USES free 
Init__7CBufferFi          USES malloc 
GetLen__7CBufferFv        USES abs 
get__7CBufferFv           USES kbhit__7CBufferFv 
_vect                     USES Cpu_Interrupt TIMER_Interrupt IRQ_Interrupt 
                                Cpu_SWIInterrupt _Startup 

*********************************************************************************************
DEPENDENCY TREE
*********************************************************************************************
 main and _Startup Group
 | 
 +- main                
 |  | 
 |  +- maincpp             
 |     | 
 |     +- TIMER_Enable        
 |     |  | 
 |     |  +- HWEnDi              
 |     |       
 |     +- delay_ms            
 |     |    
 |     +- PutString__FPUc     
 |     |  | 
 |     |  +- Terminal_SendChar   
 |     |       
 |     +- sprintf             
 |     |  | 
 |     |  +- deposit_char        
 |     |  |    
 |     |  +- vprintf             
 |     |     | 
 |     |     +- _out                
 |     |     |    
 |     |     +- _Search_Table_8_Offset
 |     |     |    
 |     |     +- _IMUL               
 |     |     |    
 |     |     +- toupper             
 |     |     |    
 |     |     +- _Jump_Table_Addr    
 |     |     |    
 |     |     +- _Search_Table_8_Addr
 |     |     |    
 |     |     +- _SEXT16_32          
 |     |     |    
 |     |     +- _POP32              
 |     |     |    
 |     |     +- _LNEG               
 |     |     |  | 
 |     |     |  +- _ENTER_UNARY_L      
 |     |     |       
 |     |     +- _LCMP               
 |     |     |  | 
 |     |     |  +- _ENTER_BINARY_L     
 |     |     |  |  | 
 |     |     |  |  +- _PUSH_ARGS_L        
 |     |     |  |       
 |     |     |  +- _LCMP_k_rel_j       
 |     |     |       
 |     |     +- _COPY               
 |     |     |    
 |     |     +- _LSUB               
 |     |     |  | 
 |     |     |  +- _ENTER_BINARY_L      (see above)
 |     |     |  |  
 |     |     |  +- _LSUB_k_is_k_minus_j
 |     |     |       
 |     |     +- _DNEG               
 |     |     |  | 
 |     |     |  +- _ENTER_UNARY_L64    
 |     |     |       
 |     |     +- _POP64              
 |     |     |    
 |     |     +- frexp               
 |     |     |  | 
 |     |     |  +- _COPY                (see above)
 |     |     |     
 |     |     +- _IDIVS              
 |     |     |  | 
 |     |     |  +- _SPLITSIGN          
 |     |     |     | 
 |     |     |     +- _IDIVMOD            
 |     |     |          
 |     |     +- _DMUL               
 |     |     |  | 
 |     |     |  +- _ENTER_BINARY_L64   
 |     |     |  |  | 
 |     |     |  |  +- _PUSH_ARGS_D        
 |     |     |  |       
 |     |     |  +- _DMUL_Common        
 |     |     |     | 
 |     |     |     +- _DUNPACK_k_to_K     
 |     |     |     |    
 |     |     |     +- _DUNPACK_j_to_L     
 |     |     |     |    
 |     |     |     +- _DMUL_K_is_K_times_L
 |     |     |     |  | 
 |     |     |     |  +- D_TLK               
 |     |     |     |  |    
 |     |     |     |  +- D_NORMK             
 |     |     |     |     | 
 |     |     |     |     +- D_CLRK              
 |     |     |     |     |    
 |     |     |     |     +- D_MAXK              
 |     |     |     |          
 |     |     |     +- _DPACK_K_to_k       
 |     |     |        | 
 |     |     |        +- D_TKRes             
 |     |     |             
 |     |     +- _DMUL_RC            
 |     |     |  | 
 |     |     |  +- _ENTER_BINARY_L64_RC
 |     |     |  |  | 
 |     |     |  |  +- _PUSH_ARGS_D         (see above)
 |     |     |  |     
 |     |     |  +- _DMUL_Common         (see above)
 |     |     |     
 |     |     +- _DADD               
 |     |     |  | 
 |     |     |  +- _ENTER_BINARY_L64    (see above)
 |     |     |  |  
 |     |     |  +- _DADD_Common        
 |     |     |     | 
 |     |     |     +- _DUNPACK_k_to_K      (see above)
 |     |     |     |  
 |     |     |     +- _DUNPACK_j_to_L      (see above)
 |     |     |     |  
 |     |     |     +- _DADD_K_is_K_plus_L 
 |     |     |     |  | 
 |     |     |     |  +- D_TLK                (see above)
 |     |     |     |  |  
 |     |     |     |  +- D_XGKL              
 |     |     |     |  |    
 |     |     |     |  +- D_NORMK              (see above)
 |     |     |     |     
 |     |     |     +- _DPACK_K_to_k        (see above)
 |     |     |        
 |     |     +- _DSTRUNC            
 |     |     |  | 
 |     |     |  +- _ENTER_UNARY_L64     (see above)
 |     |     |  |  
 |     |     |  +- _DUNPACK_k_to_K_Unary
 |     |     |  |    
 |     |     |  +- _D_LONGK            
 |     |     |     | 
 |     |     |     +- _NEG_L_HX           
 |     |     |          
 |     |     +- _DUFLOAT            
 |     |     |  | 
 |     |     |  +- _ENTER_UNARY_L64_4  
 |     |     |  |    
 |     |     |  +- _D_FLOATK           
 |     |     |  |  | 
 |     |     |  |  +- D_CLRK_Unary        
 |     |     |  |       
 |     |     |  +- _DPACK_K_to_k_Unary 
 |     |     |       
 |     |     +- _DSUB               
 |     |     |  | 
 |     |     |  +- _ENTER_BINARY_L64    (see above)
 |     |     |  |  
 |     |     |  +- _DSUB_Common        
 |     |     |     | 
 |     |     |     +- _DUNPACK_k_to_K      (see above)
 |     |     |     |  
 |     |     |     +- _DUNPACK_j_to_L      (see above)
 |     |     |     |  
 |     |     |     +- _DADD_K_is_K_plus_L  (see above)
 |     |     |     |  
 |     |     |     +- _DPACK_K_to_k        (see above)
 |     |     |        
 |     |     +- _DADD_RC            
 |     |     |  | 
 |     |     |  +- _ENTER_BINARY_L64_RC (see above)
 |     |     |  |  
 |     |     |  +- _DADD_Common         (see above)
 |     |     |     
 |     |     +- _ICMP               
 |     |     |    
 |     |     +- Ten                 
 |     |     |  | 
 |     |     |  +- _COPY                (see above)
 |     |     |  |  
 |     |     |  +- _DMUL                (see above)
 |     |     |  |  
 |     |     |  +- _POP64               (see above)
 |     |     |     
 |     |     +- _IMODS              
 |     |     |  | 
 |     |     |  +- _SPLITSIGN           (see above)
 |     |     |     
 |     |     +- _LMODU_RC           
 |     |     |  | 
 |     |     |  +- _ENTER_BINARY_L_RC  
 |     |     |  |  | 
 |     |     |  |  +- _PUSH_ARGS_L         (see above)
 |     |     |  |     
 |     |     |  +- _LMODU_k_is_k_mod_j 
 |     |     |     | 
 |     |     |     +- _LDIVMOD            
 |     |     |          
 |     |     +- _DCMP_RC            
 |     |     |  | 
 |     |     |  +- _ENTER_BINARY_L64_RC (see above)
 |     |     |  |  
 |     |     |  +- _DCMP_k_rel_j       
 |     |     |       
 |     |     +- _LDIVU_RC           
 |     |        | 
 |     |        +- _ENTER_BINARY_L_RC   (see above)
 |     |        |  
 |     |        +- _LDIVU_k_is_k_div_j 
 |     |           | 
 |     |           +- _LDIVMOD             (see above)
 |     |              
 |     +- Init__6CFX828Fv     
 |     |  | 
 |     |  +- __nw__FGUi          
 |     |  |  | 
 |     |  |  +- malloc              
 |     |  |  |  | 
 |     |  |  |  +- _IDIVU              
 |     |  |  |  |  | 
 |     |  |  |  |  +- _IDIVMOD             (see above)
 |     |  |  |  |     
 |     |  |  |  +- _IMUL                (see above)
 |     |  |  |  |  
 |     |  |  |  +- _heapcrash_         
 |     |  |  |     | 
 |     |  |  |     +- _IDIVS               (see above)
 |     |  |  |        
 |     |  |  +- exit                
 |     |  |       
 |     |  +- __ct__7CBufferFi    
 |     |  |  | 
 |     |  |  +- Init__7CBufferFi    
 |     |  |     | 
 |     |  |     +- malloc               (see above)
 |     |  |        
 |     |  +- Clock_PutVal__6CFX828FUc
 |     |  |    
 |     |  +- SendChar__6CFX828FUc
 |     |  |  | 
 |     |  |  +- DataOut_PutVal__6CFX828FUc
 |     |  |  |    
 |     |  |  +- Clock_PutVal__6CFX828FUc (see above)
 |     |  |     
 |     |  +- SendCommand8__6CFX828FUcT1
 |     |     | 
 |     |     +- Clock_PutVal__6CFX828FUc (see above)
 |     |     |  
 |     |     +- SendChar__6CFX828FUc (see above)
 |     |        
 |     +- desconexion__Fv     
 |     |  | 
 |     |  +- CTCSS_tx_enable__6CFX828FUc
 |     |  |  | 
 |     |  |  +- SendCommand8__6CFX828FUcT1 (see above)
 |     |  |     
 |     |  +- EnableBPF__6CFX828FUc
 |     |     | 
 |     |     +- SendCommand8__6CFX828FUcT1 (see above)
 |     |        
 |     +- teclado__Fv         
 |     |  | 
 |     |  +- delay_ms             (see above)
 |     |     
 |     +- PutToneTable__6CFX828FUci
 |     |  | 
 |     |  +- SendCommand16__6CFX828FUcUi
 |     |     | 
 |     |     +- Clock_PutVal__6CFX828FUc (see above)
 |     |     |  
 |     |     +- SendChar__6CFX828FUc (see above)
 |     |        
 |     +- SetDecoderBandwidth__6CFX828FUc
 |     |  | 
 |     |  +- SendCommand8__6CFX828FUcT1 (see above)
 |     |     
 |     +- EnableToneDecoder__6CFX828FUcT1
 |     |  | 
 |     |  +- SendCommand8__6CFX828FUcT1 (see above)
 |     |     
 |     +- ProgramFastCTCSS__6CFX828Ff
 |     |  | 
 |     |  +- _FMUL_RC            
 |     |  |  | 
 |     |  |  +- _ENTER_BINARY_L_RC   (see above)
 |     |  |  |  
 |     |  |  +- _FMUL_Common        
 |     |  |     | 
 |     |  |     +- _UNPACK_k_to_K      
 |     |  |     |    
 |     |  |     +- _UNPACK_j_to_L      
 |     |  |     |    
 |     |  |     +- _FMUL_K_is_K_times_L
 |     |  |     |  | 
 |     |  |     |  +- F_TLK               
 |     |  |     |  |    
 |     |  |     |  +- F_NORMK             
 |     |  |     |     | 
 |     |  |     |     +- F_CLRK              
 |     |  |     |     |    
 |     |  |     |     +- F_MAXK              
 |     |  |     |          
 |     |  |     +- _PACK_K_to_k        
 |     |  |          
 |     |  +- _FDIV_LC            
 |     |  |  | 
 |     |  |  +- _ENTER_BINARY_L_RC   (see above)
 |     |  |  |  
 |     |  |  +- _FDIV_Common        
 |     |  |     | 
 |     |  |     +- _UNPACK_k_to_K       (see above)
 |     |  |     |  
 |     |  |     +- _UNPACK_j_to_L       (see above)
 |     |  |     |  
 |     |  |     +- _FDIV_K_is_K_div_L  
 |     |  |     |  | 
 |     |  |     |  +- F_NANK              
 |     |  |     |  |    
 |     |  |     |  +- F_CLRK               (see above)
 |     |  |     |  |  
 |     |  |     |  +- F_NORMK              (see above)
 |     |  |     |     
 |     |  |     +- _PACK_K_to_k         (see above)
 |     |  |        
 |     |  +- _FSTRUNC            
 |     |  |  | 
 |     |  |  +- _ENTER_UNARY_L       (see above)
 |     |  |  |  
 |     |  |  +- _UNPACK_k_to_K_Unary
 |     |  |  |    
 |     |  |  +- _F_LONGK            
 |     |  |     | 
 |     |  |     +- _NEG_L_HX            (see above)
 |     |  |        
 |     |  +- SendCommand16__6CFX828FUcUi (see above)
 |     |     
 |     +- Mod1Enable__6CFX828FUcT1
 |     |  | 
 |     |  +- SendCommand16__6CFX828FUcUi (see above)
 |     |     
 |     +- Mod2Enable__6CFX828FUcT1
 |     |  | 
 |     |  +- SendCommand16__6CFX828FUcUi (see above)
 |     |     
 |     +- ProgramZVEI__6CFX828Ff
 |     |  | 
 |     |  +- _FMUL_RC             (see above)
 |     |  |  
 |     |  +- _FDIV_LC             (see above)
 |     |  |  
 |     |  +- _FSTRUNC             (see above)
 |     |  |  
 |     |  +- SendCommand16__6CFX828FUcUi (see above)
 |     |     
 |     +- ZVEI_tx_enable__6CFX828FUc
 |     |  | 
 |     |  +- SendCommand8__6CFX828FUcT1 (see above)
 |     |     
 |     +- TxZVEI__6CFX828FPCUc
 |     |  | 
 |     |  +- strtol              
 |     |  |  | 
 |     |  |  +- _strtol             
 |     |  |  |  | 
 |     |  |  |  +- isspace             
 |     |  |  |  |    
 |     |  |  |  +- isdigit             
 |     |  |  |  |    
 |     |  |  |  +- _strtoul            
 |     |  |  |  |  | 
 |     |  |  |  |  +- isspace              (see above)
 |     |  |  |  |  |  
 |     |  |  |  |  +- CheckCharWithBase   
 |     |  |  |  |  |  | 
 |     |  |  |  |  |  +- toupper              (see above)
 |     |  |  |  |  |     
 |     |  |  |  |  +- _SEXT16_32           (see above)
 |     |  |  |  |  |  
 |     |  |  |  |  +- _LSUB_LC            
 |     |  |  |  |  |  | 
 |     |  |  |  |  |  +- _ENTER_BINARY_L_LC  
 |     |  |  |  |  |  |  | 
 |     |  |  |  |  |  |  +- _PUSH_ARGS_L         (see above)
 |     |  |  |  |  |  |     
 |     |  |  |  |  |  +- _LSUB_k_is_k_minus_j (see above)
 |     |  |  |  |  |     
 |     |  |  |  |  +- _LDIVU              
 |     |  |  |  |  |  | 
 |     |  |  |  |  |  +- _ENTER_BINARY_L      (see above)
 |     |  |  |  |  |  |  
 |     |  |  |  |  |  +- _LDIVU_k_is_k_div_j  (see above)
 |     |  |  |  |  |     
 |     |  |  |  |  +- _LCMP                (see above)
 |     |  |  |  |  |  
 |     |  |  |  |  +- _LMUL               
 |     |  |  |  |  |  | 
 |     |  |  |  |  |  +- _ENTER_BINARY_L      (see above)
 |     |  |  |  |  |  |  
 |     |  |  |  |  |  +- _LMUL_k_is_k_mul_j  
 |     |  |  |  |  |     | 
 |     |  |  |  |  |     +- _k_is_k_plus_j_l    
 |     |  |  |  |  |     |    
 |     |  |  |  |  |     +- _k_is_k_plus_j_i    
 |     |  |  |  |  |          
 |     |  |  |  |  +- _LADD               
 |     |  |  |  |  |  | 
 |     |  |  |  |  |  +- _ENTER_BINARY_L      (see above)
 |     |  |  |  |  |  |  
 |     |  |  |  |  |  +- _LADD_k_is_k_plus_j 
 |     |  |  |  |  |       
 |     |  |  |  |  +- _POP32               (see above)
 |     |  |  |  |  |  
 |     |  |  |  |  +- _COPY                (see above)
 |     |  |  |  |  |  
 |     |  |  |  |  +- toupper              (see above)
 |     |  |  |  |     
 |     |  |  |  +- _COPY                (see above)
 |     |  |  |  |  
 |     |  |  |  +- _LNEG                (see above)
 |     |  |  |  |  
 |     |  |  |  +- _POP32               (see above)
 |     |  |  |     
 |     |  |  +- _COPY                (see above)
 |     |  |     
 |     |  +- TxZVEI__6CFX828FCUc 
 |     |     | 
 |     |     +- GetLen__7CBufferFv  
 |     |     |  | 
 |     |     |  +- abs                 
 |     |     |       
 |     |     +- put__7CBufferFUc    
 |     |     |    
 |     |     +- SendCommand8__6CFX828FUcT1 (see above)
 |     |     |  
 |     |     +- ZVEI_tx_enable__6CFX828FUc (see above)
 |     |        
 |     +- _Jump_Table_Header_Offset
 |     |    
 |     +- EnableBPF__6CFX828FUc (see above)
 |     |  
 |     +- CTCSS_tx_enable__6CFX828FUc (see above)
 |     |  
 |     +- TxZVEI__6CFX828FCUc  (see above)
 |        
 +- _Startup            
    | 
    +- _startupData        
    |  | 
    |  +- __ConstructorInit__ 
    |  |  | 
    |  |  +- __ct__6CFX828Fv     
    |  |     | 
    |  |     +- Init__6CFX828Fv      (see above)
    |  |        
    |  +- __DestructorInit__  
    |     | 
    |     +- __dt__6CFX828Fv     
    |        | 
    |        +- __dl__FGPv          
    |        |  | 
    |        |  +- free                
    |        |     | 
    |        |     +- _heapcrash_          (see above)
    |        |     |  
    |        |     +- _IMUL                (see above)
    |        |        
    |        +- __dt__7CBufferFv    
    |           | 
    |           +- free                 (see above)
    |              
    +- Init                
    |  | 
    |  +- _startupData         (see above)
    |  |  
    |  +- loadByte            
    |       
    +- __low_level_init    
       | 
       +- Terminal_Init       
       |  | 
       |  +- Terminal_HWEnDi     
       |       
       +- TIMER_Init          
          | 
          +- SetCV               
          |    
          +- SetPV               
          |    
          +- HWEnDi               (see above)
             
 _vect               
 | 
 +- Cpu_Interrupt       
 |    
 +- TIMER_Interrupt     
 |  | 
 |  +- TIMER_OnInterrupt   
 |     | 
 |     +- _LDEC               
 |     |  | 
 |     |  +- _ENTER_UNARY_L       (see above)
 |     |     
 |     +- _POP32               (see above)
 |        
 +- IRQ_Interrupt       
 |  | 
 |  +- IRQ_OnInterrupt     
 |     | 
 |     +- MainIRQ             
 |        | 
 |        +- IRQService__6CFX828Fv
 |        |  | 
 |        |  +- ReadCommand__6CFX828FUc
 |        |  |  | 
 |        |  |  +- Clock_PutVal__6CFX828FUc (see above)
 |        |  |  |  
 |        |  |  +- SendChar__6CFX828FUc (see above)
 |        |  |  |  
 |        |  |  +- ReadChar__6CFX828Fv 
 |        |  |     | 
 |        |  |     +- Clock_PutVal__6CFX828FUc (see above)
 |        |  |        
 |        |  +- kbhit__7CBufferFv   
 |        |  |    
 |        |  +- get__7CBufferFv     
 |        |  |  | 
 |        |  |  +- kbhit__7CBufferFv    (see above)
 |        |  |     
 |        |  +- SendCommand16__6CFX828FUcUi (see above)
 |        |  |  
 |        |  +- SendCommand8__6CFX828FUcT1 (see above)
 |        |  |  
 |        |  +- put__7CBufferFUc     (see above)
 |        |     
 |        +- GetTone__6CFX828Fv  
 |        |  | 
 |        |  +- kbhit__7CBufferFv    (see above)
 |        |  |  
 |        |  +- get__7CBufferFv      (see above)
 |        |     
 |        +- _Jump_Table_Offset  
 |             
 +- Cpu_SWIInterrupt    
 |  | 
 |  +- Cpu_OnSwINT         
 |       
 +- _Startup             (see above)
    
*********************************************************************************************
STATISTIC SECTION
---------------------------------------------------------------------------------------------

ExeFile:
--------
Number of blocks to be downloaded: 6
Total size of all blocks to be downloaded: 14767

